Component: ARM Compiler 5.06 update 5 (build 528) Tool: armlink [4d35e2]

==============================================================================

Section Cross References

    main.o(.text) refers to _printf_percent.o(.ARM.Collect$$_printf_percent$$00000000) for _printf_percent
    main.o(.text) refers to _printf_f.o(.ARM.Collect$$_printf_percent$$00000003) for _printf_f
    main.o(.text) refers to printf1.o(x$fpl$printf1) for _printf_fp_dec
    main.o(.text) refers to misc.o(.text) for NVIC_PriorityGroupConfig
    main.o(.text) refers to delay.o(.text) for delay_init
    main.o(.text) refers to usart.o(.text) for uart_init
    main.o(.text) refers to stm32f4xx_usart.o(.text) for USART_ITConfig
    main.o(.text) refers to led.o(.text) for LED_Init
    main.o(.text) refers to key.o(.text) for KEY_Init
    main.o(.text) refers to lcd.o(.text) for LCD_Init
    main.o(.text) refers to adc_dma_timer.o(.text) for ADC_GPIO_Init
    main.o(.text) refers to timer.o(.text) for TIM2_Int_Init
    main.o(.text) refers to arm_cfft_radix4_init_f32.o(.text) for arm_cfft_radix4_init_f32
    main.o(.text) refers to stm32f4xx_tim.o(.text) for TIM_SetCounter
    main.o(.text) refers to arm_cfft_radix4_f32.o(.text) for arm_cfft_radix4_f32
    main.o(.text) refers to f2d.o(x$fpl$f2d) for __aeabi_f2d
    main.o(.text) refers to noretval__2sprintf.o(.text) for __2sprintf
    main.o(.text) refers to arm_cmplx_mag_f32.o(.text) for arm_cmplx_mag_f32
    main.o(.text) refers to noretval__2printf.o(.text) for __2printf
    main.o(.text) refers to main.o(.data) for usart_rx_flag
    main.o(.text) refers to main.o(.bss) for usart_rx_buf
    main.o(.text) refers to adc_dma_timer.o(.bss) for ADC1_ConvertedValue
    system_stm32f4xx.o(.text) refers to system_stm32f4xx.o(.data) for SystemCoreClock
    led.o(.text) refers to stm32f4xx_rcc.o(.text) for RCC_AHB1PeriphClockCmd
    led.o(.text) refers to stm32f4xx_gpio.o(.text) for GPIO_Init
    lcd.o(.text) refers to delay.o(.text) for delay_us
    lcd.o(.text) refers to lcd.o(.bss) for lcddev
    lcd.o(.text) refers to lcd.o(.data) for POINT_COLOR
    lcd.o(.text) refers to dflt_clz.o(x$fpl$dfltu) for __aeabi_ui2d
    lcd.o(.text) refers to dmul.o(x$fpl$dmul) for __aeabi_dmul
    lcd.o(.text) refers to dfixu.o(x$fpl$dfixu) for __aeabi_d2uiz
    lcd.o(.text) refers to stm32f4xx_rcc.o(.text) for RCC_AHB1PeriphClockCmd
    lcd.o(.text) refers to stm32f4xx_gpio.o(.text) for GPIO_Init
    lcd.o(.text) refers to stm32f4xx_fsmc.o(.text) for FSMC_NORSRAMInit
    lcd.o(.text) refers to lcd.o(.constdata) for asc2_1206
    adc_dma_timer.o(.text) refers to stm32f4xx_rcc.o(.text) for RCC_AHB1PeriphClockCmd
    adc_dma_timer.o(.text) refers to stm32f4xx_gpio.o(.text) for GPIO_Init
    adc_dma_timer.o(.text) refers to stm32f4xx_tim.o(.text) for TIM_TimeBaseInit
    adc_dma_timer.o(.text) refers to stm32f4xx_dma.o(.text) for DMA_ClearITPendingBit
    adc_dma_timer.o(.text) refers to stm32f4xx_adc.o(.text) for ADC_DeInit
    adc_dma_timer.o(.text) refers to misc.o(.text) for NVIC_Init
    adc_dma_timer.o(.text) refers to system_stm32f4xx.o(.data) for SystemCoreClock
    adc_dma_timer.o(.text) refers to adc_dma_timer.o(.bss) for ADC1_ConvertedValue
    key.o(.text) refers to stm32f4xx_rcc.o(.text) for RCC_AHB1PeriphClockCmd
    key.o(.text) refers to stm32f4xx_gpio.o(.text) for GPIO_Init
    key.o(.text) refers to delay.o(.text) for delay_ms
    key.o(.text) refers to key.o(.data) for key_up
    timer.o(.text) refers to stm32f4xx_rcc.o(.text) for RCC_APB1PeriphClockCmd
    timer.o(.text) refers to stm32f4xx_tim.o(.text) for TIM_TimeBaseInit
    timer.o(.text) refers to misc.o(.text) for NVIC_Init
    timer.o(.text) refers to stm32f4xx_gpio.o(.text) for GPIO_Init
    timer.o(.text) refers to main.o(.data) for timeout
    delay.o(.text) refers to misc.o(.text) for SysTick_CLKSourceConfig
    delay.o(.text) refers to delay.o(.data) for fac_us
    usart.o(.rev16_text) refers (Special) to use_no_semi_2.o(.text) for __use_no_semihosting
    usart.o(.revsh_text) refers (Special) to use_no_semi_2.o(.text) for __use_no_semihosting
    usart.o(.text) refers (Special) to use_no_semi_2.o(.text) for __use_no_semihosting
    usart.o(.text) refers to stm32f4xx_rcc.o(.text) for RCC_AHB1PeriphClockCmd
    usart.o(.text) refers to stm32f4xx_gpio.o(.text) for GPIO_PinAFConfig
    usart.o(.text) refers to stm32f4xx_usart.o(.text) for USART_Init
    usart.o(.text) refers to misc.o(.text) for NVIC_Init
    usart.o(.text) refers to main.o(.data) for usart_rx_cnt
    usart.o(.text) refers to main.o(.bss) for usart_rx_buf
    usart.o(.text) refers to usart.o(.data) for USART_RX_STA
    usart.o(.text) refers to usart.o(.bss) for USART_RX_BUF
    usart.o(.bss) refers (Special) to use_no_semi_2.o(.text) for __use_no_semihosting
    usart.o(.data) refers (Special) to use_no_semi_2.o(.text) for __use_no_semihosting
    startup_stm32f40_41xxx.o(STACK) refers (Special) to heapauxi.o(.text) for __use_two_region_memory
[...]
    .text                                    0x08005a5c   Section        0  misc.o(.text)
    .text                                    0x08005b3c   Section        0  stm32f4xx_gpio.o(.text)
    .text                                    0x08005dd0   Section        0  stm32f4xx_fsmc.o(.text)
    .text                                    0x08006398   Section        0  stm32f4xx_rcc.o(.text)
    .text                                    0x080069f4   Section        0  stm32f4xx_usart.o(.text)
    .text                                    0x08006e48   Section        0  stm32f4xx_adc.o(.text)
    .text                                    0x080072ac   Section        0  stm32f4xx_dma.o(.text)
    .text                                    0x08007654   Section        0  stm32f4xx_tim.o(.text)
    TI4_Config                               0x08007df3   Thumb Code    80  stm32f4xx_tim.o(.text)
    TI3_Config                               0x08007e55   Thumb Code    72  stm32f4xx_tim.o(.text)
    TI2_Config                               0x08007eb7   Thumb Code    90  stm32f4xx_tim.o(.text)
    TI1_Config                               0x08007f23   Thumb Code    58  stm32f4xx_tim.o(.text)
    .text                                    0x080082f8   Section        0  arm_cmplx_mag_f32.o(.text)
    .text                                    0x080083e8   Section        0  arm_cfft_radix4_f32.o(.text)
    .text                                    0x08008a88   Section        0  arm_cfft_radix4_init_f32.o(.text)
    .text                                    0x08008b48   Section        0  arm_bitreversal.o(.text)
    .text                                    0x08008d2e   Section        2  use_no_semi_2.o(.text)
    .text                                    0x08008d30   Section        0  noretval__2printf.o(.text)
    .text                                    0x08008d48   Section        0  noretval__2sprintf.o(.text)
    .text                                    0x08008d70   Section        0  __printf_flags_wp.o(.text)
    .text                                    0x08008ea8   Section        0  heapauxi.o(.text)
    .text                                    0x08008eae   Section        2  use_no_semi.o(.text)
    .text                                    0x08008eb0   Section        0  _printf_fp_dec.o(.text)
    _fp_digits                               0x08008eb3   Thumb Code   432  _printf_fp_dec.o(.text)
    .text                                    0x080092d0   Section        0  _printf_char_common.o(.text)
    _printf_input_char                       0x080092d1   Thumb Code    10  _printf_char_common.o(.text)
    .text                                    0x08009300   Section        0  _sputc.o(.text)
    .text                                    0x0800930c   Section        0  _printf_char_file.o(.text)
    .text                                    0x08009330   Section        8  rt_locale_intlibspace.o(.text)
    .text                                    0x08009338   Section      138  lludiv10.o(.text)
    .text                                    0x080093c4   Section        0  _printf_fp_infnan.o(.text)
    .text                                    0x08009444   Section        0  bigflt0.o(.text)
    .text                                    0x08009528   Section        0  ferror.o(.text)
    .text                                    0x08009530   Section        8  libspace.o(.text)
    .text                                    0x08009538   Section       74  sys_stackheap_outer.o(.text)
    .text                                    0x08009582   Section        0  exit.o(.text)
    .text                                    0x08009594   Section      128  strcmpv7m.o(.text)
    CL$$btod_d2e                             0x08009614   Section       62  btod.o(CL$$btod_d2e)
    CL$$btod_d2e_denorm_low                  0x08009652   Section       70  btod.o(CL$$btod_d2e_denorm_low)
    CL$$btod_d2e_norm_op1                    0x08009698   Section       96  btod.o(CL$$btod_d2e_norm_op1)
    CL$$btod_div_common                      0x080096f8   Section      824  btod.o(CL$$btod_div_common)
    CL$$btod_e2e                             0x08009a30   Section      220  btod.o(CL$$btod_e2e)
    CL$$btod_ediv                            0x08009b0c   Section       42  btod.o(CL$$btod_ediv)
    CL$$btod_emul                            0x08009b36   Section       42  btod.o(CL$$btod_emul)
    CL$$btod_mult_common                     0x08009b60   Section      580  btod.o(CL$$btod_mult_common)
    i.__ARM_fpclassify                       0x08009da4   Section        0  fpclassify.o(i.__ARM_fpclassify)
    i._is_digit                              0x08009dd4   Section        0  __printf_wp.o(i._is_digit)
    locale$$code                             0x08009de4   Section       44  lc_numeric_c.o(locale$$code)
    x$fpl$dfixu                              0x08009e10   Section       90  dfixu.o(x$fpl$dfixu)
    $v0                                      0x08009e10   Number         0  dfixu.o(x$fpl$dfixu)
    x$fpl$dfltu                              0x08009e6a   Section       38  dflt_clz.o(x$fpl$dfltu)
    $v0                                      0x08009e6a   Number         0  dflt_clz.o(x$fpl$dfltu)
    x$fpl$dmul                               0x08009e90   Section      340  dmul.o(x$fpl$dmul)
    $v0                                      0x08009e90   Number         0  dmul.o(x$fpl$dmul)
    x$fpl$dnaninf                            0x08009fe4   Section      156  dnaninf.o(x$fpl$dnaninf)
    $v0                                      0x08009fe4   Number         0  dnaninf.o(x$fpl$dnaninf)
    x$fpl$dretinf                            0x0800a080   Section       12  dretinf.o(x$fpl$dretinf)
    $v0                                      0x0800a080   Number         0  dretinf.o(x$fpl$dretinf)
    x$fpl$f2d                                0x0800a08c   Section       86  f2d.o(x$fpl$f2d)
    $v0                                      0x0800a08c   Number         0  f2d.o(x$fpl$f2d)
    x$fpl$fnaninf                            0x0800a0e2   Section      140  fnaninf.o(x$fpl$fnaninf)
    $v0                                      0x0800a0e2   Number         0  fnaninf.o(x$fpl$fnaninf)
    x$fpl$fpinit                             0x0800a16e   Section       10  fpinit.o(x$fpl$fpinit)
    $v0                                      0x0800a16e   Number         0  fpinit.o(x$fpl$fpinit)
    x$fpl$printf1                            0x0800a178   Section        4  printf1.o(x$fpl$printf1)
    $v0                                      0x0800a178   Number         0  printf1.o(x$fpl$printf1)
    .constdata                               0x0800a17c   Section     6080  lcd.o(.constdata)
    x$fpl$usenofp                            0x0800a17c   Section        0  usenofp.o(x$fpl$usenofp)
    .constdata                               0x0800b93c   Section       28  stm32f4xx_fsmc.o(.constdata)
    .constdata                               0x0800b958   Section     2048  arm_common_tables.o(.constdata)
    .constdata                               0x0800c158   Section    32768  arm_common_tables.o(.constdata)
    .constdata                               0x08014158   Section       17  __printf_flags_wp.o(.constdata)
    maptable                                 0x08014158   Data          17  __printf_flags_wp.o(.constdata)
    .constdata                               0x0801416c   Section      148  bigflt0.o(.constdata)
    tenpwrs_x                                0x0801416c   Data          60  bigflt0.o(.constdata)
    tenpwrs_i                                0x080141a8   Data          64  bigflt0.o(.constdata)
    locale$$data                             0x08014220   Section       28  lc_numeric_c.o(locale$$data)
    __lcnum_c_name                           0x08014224   Data           2  lc_numeric_c.o(locale$$data)
    __lcnum_c_start                          0x0801422c   Data           0  lc_numeric_c.o(locale$$data)
    __lcnum_c_point                          0x08014238   Data           0  lc_numeric_c.o(locale$$data)
    __lcnum_c_thousands                      0x0801423a   Data           0  lc_numeric_c.o(locale$$data)
    __lcnum_c_grouping                       0x0801423b   Data           0  lc_numeric_c.o(locale$$data)
    __lcnum_c_end                            0x0801423c   Data           0  lc_numeric_c.o(locale$$data)
    .data                                    0x20000000   Section       24  main.o(.data)
    .data                                    0x20000018   Section       20  system_stm32f4xx.o(.data)
    .data                                    0x2000002c   Section        4  lcd.o(.data)
    .data                                    0x20000030   Section        1  key.o(.data)
    key_up                                   0x20000030   Data           1  key.o(.data)
    .data                                    0x20000032   Section        4  delay.o(.data)
    fac_us                                   0x20000032   Data           1  delay.o(.data)
    fac_ms                                   0x20000034   Data           2  delay.o(.data)
    .data                                    0x20000038   Section        6  usart.o(.data)
    .data                                    0x2000003e   Section       16  stm32f4xx_rcc.o(.data)
    APBAHBPrescTable                         0x2000003e   Data          16  stm32f4xx_rcc.o(.data)
    .bss                                     0x20000050   Section    12308  main.o(.bss)
    .bss                                     0x20003064   Section       14  lcd.o(.bss)
    .bss                                     0x20003072   Section     2048  adc_dma_timer.o(.bss)
    .bss                                     0x20003872   Section      200  usart.o(.bss)
    .bss                                     0x2000393c   Section       96  libspace.o(.bss)
    HEAP                                     0x200039a0   Section      512  startup_stm32f40_41xxx.o(HEAP)
    Heap_Mem                                 0x200039a0   Data         512  startup_stm32f40_41xxx.o(HEAP)
    STACK                                    0x20003ba0   Section     1024  startup_stm32f40_41xxx.o(STACK)
    Stack_Mem                                0x20003ba0   Data        1024  startup_stm32f40_41xxx.o(STACK)
    __initial_sp                             0x20003fa0   Data           0  startup_stm32f40_41xxx.o(STACK)

    Global Symbols

    Symbol Name                              Value     Ov Type        Size  Object(Section)

    BuildAttributes$$THM_ISAv4$E$P$D$K$B$S$7EM$VFPi3$EXTD16$VFPS$VFMA$PE$A:L22UL41UL21$X:L11$S22US41US21$IEEE1$IW$USESV6$~STKCKD$USESV7$~SHL$OTIME$ROPI$IEEEJ$EBA8$UX$STANDARDLIB$REQ8$PRES8$EABIv2 0x00000000   Number         0  anon$$obj.o ABSOLUTE
    __ARM_use_no_argv                        0x00000000   Number         0  main.o ABSOLUTE
    _printf_flags                            0x00000000   Number         0  printf_stubs.o ABSOLUTE
    _printf_return_value                     0x00000000   Number         0  printf_stubs.o ABSOLUTE
    _printf_sizespec                         0x00000000   Number         0  printf_stubs.o ABSOLUTE
    _printf_widthprec                        0x00000000   Number         0  printf_stubs.o ABSOLUTE
    __ARM_exceptions_init                     - Undefined Weak Reference
    __alloca_initialize                       - Undefined Weak Reference
    __arm_preinit_                            - Undefined Weak Reference
    __cpp_initialize__aeabi_                  - Undefined Weak Reference
    __cxa_finalize                            - Undefined Weak Reference
    __sigvec_lookup                           - Undefined Weak Reference
    _atexit_init                              - Undefined Weak Reference
    _call_atexit_fns                          - Undefined Weak Reference
    _clock_init                               - Undefined Weak Reference
    _fp_trap_init                             - Undefined Weak Reference
    _fp_trap_shutdown                         - Undefined Weak Reference
    _get_lc_collate                           - Undefined Weak Reference
    _get_lc_ctype                             - Undefined Weak Reference
    _get_lc_monetary                          - Undefined Weak Reference
    _get_lc_time                              - Undefined Weak Reference
    _getenv_init                              - Undefined Weak Reference
    _handle_redirection                       - Undefined Weak Reference
    _init_alloc                               - Undefined Weak Reference
    _init_user_alloc                          - Undefined Weak Reference
    _initio                                   - Undefined Weak Reference
    _mutex_acquire                            - Undefined Weak Reference
    _mutex_release                            - Undefined Weak Reference
    _printf_post_padding                      - Undefined Weak Reference
    _printf_pre_padding                       - Undefined Weak Reference
    _rand_init                                - Undefined Weak Reference
    _signal_finish                            - Undefined Weak Reference
    _signal_init                              - Undefined Weak Reference
    _terminate_alloc                          - Undefined Weak Reference
    _terminate_user_alloc                     - Undefined Weak Reference
    _terminateio                              - Undefined Weak Reference
    __Vectors_Size                           0x00000188   Number         0  startup_stm32f40_41xxx.o ABSOLUTE
    __Vectors                                0x08000000   Data           4  startup_stm32f40_41xxx.o(RESET)
    __Vectors_End                            0x08000188   Data           0  startup_stm32f40_41xxx.o(RESET)
    __main                                   0x08000189   Thumb Code     8  __main.o(!!!main)
    __scatterload                            0x08000191   Thumb Code     0  __scatter.o(!!!scatter)
    __scatterload_rt2                        0x08000191   Thumb Code    44  __scatter.o(!!!scatter)
    __scatterload_rt2_thumb_only             0x08000191   Thumb Code     0  __scatter.o(!!!scatter)
    __scatterload_null                       0x0800019f   Thumb Code     0  __scatter.o(!!!scatter)
    __scatterload_copy                       0x080001c5   Thumb Code    26  __scatter_copy.o(!!handler_copy)
    __scatterload_zeroinit                   0x080001e1   Thumb Code    28  __scatter_zi.o(!!handler_zi)
    _printf_f                                0x080001fd   Thumb Code     0  _printf_f.o(.ARM.Collect$$_printf_percent$$00000003)
    _printf_percent                          0x080001fd   Thumb Code     0  _printf_percent.o(.ARM.Collect$$_printf_percent$$00000000)
    _printf_percent_end                      0x08000203   Thumb Code     0  _printf_percent_end.o(.ARM.Collect$$_printf_percent$$00000017)
    __rt_lib_init                            0x08000207   Thumb Code     0  libinit.o(.ARM.Collect$$libinit$$00000000)
    __rt_lib_init_fp_1                       0x08000209   Thumb Code     0  libinit2.o(.ARM.Collect$$libinit$$00000001)
    __rt_lib_init_heap_1                     0x0800020d   Thumb Code     0  libinit2.o(.ARM.Collect$$libinit$$0000000A)
    __rt_lib_init_lc_common                  0x0800020d   Thumb Code     0  libinit2.o(.ARM.Collect$$libinit$$0000000F)
    __rt_lib_init_preinit_1                  0x0800020d   Thumb Code     0  libinit2.o(.ARM.Collect$$libinit$$00000004)
    __rt_lib_init_rand_1                     0x0800020d   Thumb Code     0  libinit2.o(.ARM.Collect$$libinit$$0000000E)
    __rt_lib_init_user_alloc_1               0x0800020d   Thumb Code     0  libinit2.o(.ARM.Collect$$libinit$$0000000C)
    __rt_lib_init_lc_collate_1               0x08000213   Thumb Code     0  libinit2.o(.ARM.Collect$$libinit$$00000011)
    __rt_lib_init_lc_ctype_1                 0x08000213   Thumb Code     0  libinit2.o(.ARM.Collect$$libinit$$00000013)
    __rt_lib_init_lc_monetary_1              0x08000213   Thumb Code     0  libinit2.o(.ARM.Collect$$libinit$$00000015)
    __rt_lib_init_lc_numeric_2               0x08000213   Thumb Code     0  libinit2.o(.ARM.Collect$$libinit$$00000016)
    __rt_lib_init_alloca_1                   0x0800021d   Thumb Code     0  libinit2.o(.ARM.Collect$$libinit$$0000002E)
    __rt_lib_init_argv_1                     0x0800021d   Thumb Code     0  libinit2.o(.ARM.Collect$$libinit$$0000002C)
    __rt_lib_init_atexit_1                   0x0800021d   Thumb Code     0  libinit2.o(.ARM.Collect$$libinit$$0000001B)
    __rt_lib_init_clock_1                    0x0800021d   Thumb Code     0  libinit2.o(.ARM.Collect$$libinit$$00000021)
    __rt_lib_init_cpp_1                      0x0800021d   Thumb Code     0  libinit2.o(.ARM.Collect$$libinit$$00000032)
    __rt_lib_init_exceptions_1               0x0800021d   Thumb Code     0  libinit2.o(.ARM.Collect$$libinit$$00000030)
    __rt_lib_init_fp_trap_1                  0x0800021d   Thumb Code     0  libinit2.o(.ARM.Collect$$libinit$$0000001F)
    __rt_lib_init_getenv_1                   0x0800021d   Thumb Code     0  libinit2.o(.ARM.Collect$$libinit$$00000023)
    __rt_lib_init_lc_numeric_1               0x0800021d   Thumb Code     0  libinit2.o(.ARM.Collect$$libinit$$00000017)
    __rt_lib_init_lc_time_1                  0x0800021d   Thumb Code     0  libinit2.o(.ARM.Collect$$libinit$$00000019)
    __rt_lib_init_return                     0x0800021d   Thumb Code     0  libinit2.o(.ARM.Collect$$libinit$$00000033)
    __rt_lib_init_signal_1                   0x0800021d   Thumb Code     0  libinit2.o(.ARM.Collect$$libinit$$0000001D)
    __rt_lib_init_stdio_1                    0x0800021d   Thumb Code     0  libinit2.o(.ARM.Collect$$libinit$$00000025)
    __rt_lib_shutdown                        0x0800021f   Thumb Code     0  libshutdown.o(.ARM.Collect$$libshutdown$$00000000)
    __rt_lib_shutdown_cpp_1                  0x08000221   Thumb Code     0  libshutdown2.o(.ARM.Collect$$libshutdown$$00000002)
    __rt_lib_shutdown_fp_trap_1              0x08000221   Thumb Code     0  libshutdown2.o(.ARM.Collect$$libshutdown$$00000007)
    __rt_lib_shutdown_heap_1                 0x08000221   Thumb Code     0  libshutdown2.o(.ARM.Collect$$libshutdown$$0000000F)
    __rt_lib_shutdown_return                 0x08000221   Thumb Code     0  libshutdown2.o(.ARM.Collect$$libshutdown$$00000010)
    __rt_lib_shutdown_signal_1               0x08000221   Thumb Code     0  libshutdown2.o(.ARM.Collect$$libshutdown$$0000000A)
    __rt_lib_shutdown_stdio_1                0x08000221   Thumb Code     0  libshutdown2.o(.ARM.Collect$$libshutdown$$00000004)
    __rt_lib_shutdown_user_alloc_1           0x08000221   Thumb Code     0  libshutdown2.o(.ARM.Collect$$libshutdown$$0000000C)
    __rt_entry                               0x08000223   Thumb Code     0  __rtentry.o(.ARM.Collect$$rtentry$$00000000)
    __rt_entry_presh_1                       0x08000223   Thumb Code     0  __rtentry2.o(.ARM.Collect$$rtentry$$00000002)
    __rt_entry_sh                            0x08000223   Thumb Code     0  __rtentry4.o(.ARM.Collect$$rtentry$$00000004)
    __rt_entry_li                            0x08000229   Thumb Code     0  __rtentry2.o(.ARM.Collect$$rtentry$$0000000A)
    __rt_entry_postsh_1                      0x08000229   Thumb Code     0  __rtentry2.o(.ARM.Collect$$rtentry$$00000009)
    __rt_entry_main                          0x0800022d   Thumb Code     0  __rtentry2.o(.ARM.Collect$$rtentry$$0000000D)
    __rt_entry_postli_1                      0x0800022d   Thumb Code     0  __rtentry2.o(.ARM.Collect$$rtentry$$0000000C)
    __rt_exit                                0x08000235   Thumb Code     0  rtexit.o(.ARM.Collect$$rtexit$$00000000)
    __rt_exit_ls                             0x08000237   Thumb Code     0  rtexit2.o(.ARM.Collect$$rtexit$$00000003)
    __rt_exit_prels_1                        0x08000237   Thumb Code     0  rtexit2.o(.ARM.Collect$$rtexit$$00000002)
    __rt_exit_exit                           0x0800023b   Thumb Code     0  rtexit2.o(.ARM.Collect$$rtexit$$00000004)
    Process_Serial_Data                      0x08000241   Thumb Code    68  main.o(.text)
    main                                     0x08000285   Thumb Code   408  main.o(.text)
    NMI_Handler                              0x08000469   Thumb Code     2  stm32f4xx_it.o(.text)
    HardFault_Handler                        0x0800046b   Thumb Code     4  stm32f4xx_it.o(.text)
    MemManage_Handler                        0x0800046f   Thumb Code     4  stm32f4xx_it.o(.text)
    BusFault_Handler                         0x08000473   Thumb Code     4  stm32f4xx_it.o(.text)
    UsageFault_Handler                       0x08000477   Thumb Code     4  stm32f4xx_it.o(.text)
    SVC_Handler                              0x0800047b   Thumb Code     2  stm32f4xx_it.o(.text)
    DebugMon_Handler                         0x0800047d   Thumb Code     2  stm32f4xx_it.o(.text)
    PendSV_Handler                           0x0800047f   Thumb Code     2  stm32f4xx_it.o(.text)
    SysTick_Handler                          0x08000481   Thumb Code     2  stm32f4xx_it.o(.text)
    SystemInit                               0x08000561   Thumb Code    88  system_stm32f4xx.o(.text)
    SystemCoreClockUpdate                    0x080005b9   Thumb Code   174  system_stm32f4xx.o(.text)
    LED_Init                                 0x08000695   Thumb Code    60  led.o(.text)
    LCD_WR_REG                               0x080006d5   Thumb Code    18  lcd.o(.text)
    LCD_WR_DATA                              0x080006e7   Thumb Code    20  lcd.o(.text)
    LCD_RD_DATA                              0x080006fb   Thumb Code    16  lcd.o(.text)
    LCD_WriteReg                             0x0800070b   Thumb Code    14  lcd.o(.text)
    LCD_ReadReg                              0x08000719   Thumb Code    22  lcd.o(.text)
    LCD_WriteRAM_Prepare                     0x0800072f   Thumb Code    10  lcd.o(.text)
    LCD_WriteRAM                             0x08000739   Thumb Code     8  lcd.o(.text)
    LCD_BGR2RGB                              0x08000741   Thumb Code    26  lcd.o(.text)
    opt_delay                                0x0800075b   Thumb Code    14  lcd.o(.text)
    LCD_SetCursor                            0x08000769   Thumb Code   418  lcd.o(.text)
    LCD_ReadPoint                            0x0800090b   Thumb Code   360  lcd.o(.text)
    LCD_DisplayOn                            0x08000a73   Thumb Code   102  lcd.o(.text)
    LCD_DisplayOff                           0x08000ad9   Thumb Code    90  lcd.o(.text)
    LCD_Scan_Dir                             0x08000b33   Thumb Code   744  lcd.o(.text)
    LCD_DrawPoint                            0x08000e1b   Thumb Code    28  lcd.o(.text)
    LCD_Fast_DrawPoint                       0x08000e37   Thumb Code   388  lcd.o(.text)
    LCD_SSD_BackLightSet                     0x08000fbb   Thumb Code    88  lcd.o(.text)
    LCD_Display_Dir                          0x08001013   Thumb Code   444  lcd.o(.text)
    LCD_Set_Window                           0x080011cf   Thumb Code   546  lcd.o(.text)
    LCD_Clear                                0x080013f1   Thumb Code   100  lcd.o(.text)
    LCD_Init                                 0x08001455   Thumb Code 14668  lcd.o(.text)
    LCD_Fill                                 0x08004da1   Thumb Code   180  lcd.o(.text)
    LCD_Color_Fill                           0x08004e55   Thumb Code   100  lcd.o(.text)
    LCD_DrawLine                             0x08004eb9   Thumb Code   176  lcd.o(.text)
    LCD_DrawRectangle                        0x08004f69   Thumb Code    60  lcd.o(.text)
    LCD_Draw_Circle                          0x08004fa5   Thumb Code   152  lcd.o(.text)
    LCD_ShowChar                             0x0800503d   Thumb Code   272  lcd.o(.text)
    LCD_Pow                                  0x0800514d   Thumb Code    22  lcd.o(.text)
    LCD_ShowNum                              0x08005163   Thumb Code   148  lcd.o(.text)
    LCD_ShowxNum                             0x080051f7   Thumb Code   220  lcd.o(.text)
    LCD_ShowString                           0x080052d3   Thumb Code   102  lcd.o(.text)
    ADC_GPIO_Init                            0x08005339   Thumb Code    34  adc_dma_timer.o(.text)
    TIM3_Config                              0x0800535b   Thumb Code   110  adc_dma_timer.o(.text)
    ADC_DMA_Trig                             0x080053c9   Thumb Code    48  adc_dma_timer.o(.text)
    ADC_Config                               0x080053f9   Thumb Code   260  adc_dma_timer.o(.text)
    DMA2_Stream0_IRQHandler                  0x080054fd   Thumb Code    26  adc_dma_timer.o(.text)
    KEY_Init                                 0x08005539   Thumb Code    60  key.o(.text)
    KEY_Scan                                 0x08005575   Thumb Code   188  key.o(.text)
    TIM2_Int_Init                            0x0800563d   Thumb Code    90  timer.o(.text)
    TIM4_PWM_Init                            0x08005697   Thumb Code   160  timer.o(.text)
    TIM4_SetPWM1_Duty                        0x08005737   Thumb Code    14  timer.o(.text)
    TIM2_IRQHandler                          0x08005745   Thumb Code    34  timer.o(.text)
    delay_init                               0x08005775   Thumb Code    52  delay.o(.text)
    delay_us                                 0x080057a9   Thumb Code    72  delay.o(.text)
    delay_xms                                0x080057f1   Thumb Code    72  delay.o(.text)
    delay_ms                                 0x08005839   Thumb Code    56  delay.o(.text)
    _sys_exit                                0x08005879   Thumb Code     4  usart.o(.text)
    fputc                                    0x0800587d   Thumb Code    22  usart.o(.text)
    uart_init                                0x08005893   Thumb Code   164  usart.o(.text)
    USART1_RX_Handler                        0x08005937   Thumb Code    74  usart.o(.text)
    USART1_IRQHandler                        0x08005981   Thumb Code   128  usart.o(.text)
    Reset_Handler                            0x08005a1d   Thumb Code     8  startup_stm32f40_41xxx.o(.text)
    ADC_IRQHandler                           0x08005a37   Thumb Code     0  startup_stm32f40_41xxx.o(.text)
    CAN1_RX0_IRQHandler                      0x08005a37   Thumb Code     0  startup_stm32f40_41xxx.o(.text)
    CAN1_RX1_IRQHandler                      0x08005a37   Thumb Code     0  startup_stm32f40_41xxx.o(.text)
    CAN1_SCE_IRQHandler                      0x08005a37   Thumb Code     0  startup_stm32f40_41xxx.o(.text)
    CAN1_TX_IRQHandler                       0x08005a37   Thumb Code     0  startup_stm32f40_41xxx.o(.text)
    CAN2_RX0_IRQHandler                      0x08005a37   Thumb Code     0  startup_stm32f40_41xxx.o(.text)
    CAN2_RX1_IRQHandler                      0x08005a37   Thumb Code     0  startup_stm32f40_41xxx.o(.text)
    CAN2_SCE_IRQHandler                      0x08005a37   Thumb Code     0  startup_stm32f40_41xxx.o(.text)
    CAN2_TX_IRQHandler                       0x08005a37   Thumb Code     0  startup_stm32f40_41xxx.o(.text)
    CRYP_IRQHandler                          0x08005a37   Thumb Code     0  startup_stm32f40_41xxx.o(.text)
    DCMI_IRQHandler                          0x08005a37   Thumb Code     0  startup_stm32f40_41xxx.o(.text)
    DMA1_Stream0_IRQHandler                  0x08005a37   Thumb Code     0  startup_stm32f40_41xxx.o(.text)
    DMA1_Stream1_IRQHandler                  0x08005a37   Thumb Code     0  startup_stm32f40_41xxx.o(.text)
    DMA1_Stream2_IRQHandler                  0x08005a37   Thumb Code     0  startup_stm32f40_41xxx.o(.text)
    DMA1_Stream3_IRQHandler                  0x08005a37   Thumb Code     0  startup_stm32f40_41xxx.o(.text)
    DMA1_Stream4_IRQHandler                  0x08005a37   Thumb Code     0  startup_stm32f40_41xxx.o(.text)
    DMA1_Stream5_IRQHandler                  0x08005a37   Thumb Code     0  startup_stm32f40_41xxx.o(.text)
    DMA1_Stream6_IRQHandler                  0x08005a37   Thumb Code     0  startup_stm32f40_41xxx.o(.text)
    DMA1_Stream7_IRQHandler                  0x08005a37   Thumb Code     0  startup_stm32f40_41xxx.o(.text)
    DMA2_Stream1_IRQHandler                  0x08005a37   Thumb Code     0  startup_stm32f40_41xxx.o(.text)
    DMA2_Stream2_IRQHandler                  0x08005a37   Thumb Code     0  startup_stm32f40_41xxx.o(.text)
    DMA2_Stream3_IRQHandler                  0x08005a37   Thumb Code     0  startup_stm32f40_41xxx.o(.text)
    DMA2_Stream4_IRQHandler                  0x08005a37   Thumb Code     0  startup_stm32f40_41xxx.o(.text)
    DMA2_Stream5_IRQHandler                  0x08005a37   Thumb Code     0  startup_stm32f40_41xxx.o(.text)
    DMA2_Stream6_IRQHandler                  0x08005a37   Thumb Code     0  startup_stm32f40_41xxx.o(.text)
    DMA2_Stream7_IRQHandler                  0x08005a37   Thumb Code     0  startup_stm32f40_41xxx.o(.text)
    ETH_IRQHandler                           0x08005a37   Thumb Code     0  startup_stm32f40_41xxx.o(.text)
    ETH_WKUP_IRQHandler                      0x08005a37   Thumb Code     0  startup_stm32f40_41xxx.o(.text)
    EXTI0_IRQHandler                         0x08005a37   Thumb Code     0  startup_stm32f40_41xxx.o(.text)
    EXTI15_10_IRQHandler                     0x08005a37   Thumb Code     0  startup_stm32f40_41xxx.o(.text)
    EXTI1_IRQHandler                         0x08005a37   Thumb Code     0  startup_stm32f40_41xxx.o(.text)
    EXTI2_IRQHandler                         0x08005a37   Thumb Code     0  startup_stm32f40_41xxx.o(.text)
    EXTI3_IRQHandler                         0x08005a37   Thumb Code     0  startup_stm32f40_41xxx.o(.text)
    EXTI4_IRQHandler                         0x08005a37   Thumb Code     0  startup_stm32f40_41xxx.o(.text)
    EXTI9_5_IRQHandler                       0x08005a37   Thumb Code     0  startup_stm32f40_41xxx.o(.text)
    FLASH_IRQHandler                         0x08005a37   Thumb Code     0  startup_stm32f40_41xxx.o(.text)
    FPU_IRQHandler                           0x08005a37   Thumb Code     0  startup_stm32f40_41xxx.o(.text)
    FSMC_IRQHandler                          0x08005a37   Thumb Code     0  startup_stm32f40_41xxx.o(.text)
    HASH_RNG_IRQHandler                      0x08005a37   Thumb Code     0  startup_stm32f40_41xxx.o(.text)
    I2C1_ER_IRQHandler                       0x08005a37   Thumb Code     0  startup_stm32f40_41xxx.o(.text)
    I2C1_EV_IRQHandler                       0x08005a37   Thumb Code     0  startup_stm32f40_41xxx.o(.text)
    I2C2_ER_IRQHandler                       0x08005a37   Thumb Code     0  startup_stm32f40_41xxx.o(.text)
    I2C2_EV_IRQHandler                       0x08005a37   Thumb Code     0  startup_stm32f40_41xxx.o(.text)
    I2C3_ER_IRQHandler                       0x08005a37   Thumb Code     0  startup_stm32f40_41xxx.o(.text)
    I2C3_EV_IRQHandler                       0x08005a37   Thumb Code     0  startup_stm32f40_41xxx.o(.text)
    OTG_FS_IRQHandler                        0x08005a37   Thumb Code     0  startup_stm32f40_41xxx.o(.text)
    OTG_FS_WKUP_IRQHandler                   0x08005a37   Thumb Code     0  startup_stm32f40_41xxx.o(.text)
    OTG_HS_EP1_IN_IRQHandler                 0x08005a37   Thumb Code     0  startup_stm32f40_41xxx.o(.text)
    OTG_HS_EP1_OUT_IRQHandler                0x08005a37   Thumb Code     0  startup_stm32f40_41xxx.o(.text)
    OTG_HS_IRQHandler                        0x08005a37   Thumb Code     0  startup_stm32f40_41xxx.o(.text)
    OTG_HS_WKUP_IRQHandler                   0x08005a37   Thumb Code     0  startup_stm32f40_41xxx.o(.text)
    PVD_IRQHandler                           0x08005a37   Thumb Code     0  startup_stm32f40_41xxx.o(.text)
    RCC_IRQHandler                           0x08005a37   Thumb Code     0  startup_stm32f40_41xxx.o(.text)
    RTC_Alarm_IRQHandler                     0x08005a37   Thumb Code     0  startup_stm32f40_41xxx.o(.text)
    RTC_WKUP_IRQHandler                      0x08005a37   Thumb Code     0  startup_stm32f40_41xxx.o(.text)
    SDIO_IRQHandler                          0x08005a37   Thumb Code     0  startup_stm32f40_41xxx.o(.text)
    SPI1_IRQHandler                          0x08005a37   Thumb Code     0  startup_stm32f40_41xxx.o(.text)
    SPI2_IRQHandler                          0x08005a37   Thumb Code     0  startup_stm32f40_41xxx.o(.text)
    SPI3_IRQHandler                          0x08005a37   Thumb Code     0  startup_stm32f40_41xxx.o(.text)
    TAMP_STAMP_IRQHandler                    0x08005a37   Thumb Code     0  startup_stm32f40_41xxx.o(.text)
    TIM1_BRK_TIM9_IRQHandler                 0x08005a37   Thumb Code     0  startup_stm32f40_41xxx.o(.text)
    TIM1_CC_IRQHandler                       0x08005a37   Thumb Code     0  startup_stm32f40_41xxx.o(.text)
    TIM1_TRG_COM_TIM11_IRQHandler            0x08005a37   Thumb Code     0  startup_stm32f40_41xxx.o(.text)
    TIM1_UP_TIM10_IRQHandler                 0x08005a37   Thumb Code     0  startup_stm32f40_41xxx.o(.text)
    TIM3_IRQHandler                          0x08005a37   Thumb Code     0  startup_stm32f40_41xxx.o(.text)
    TIM4_IRQHandler                          0x08005a37   Thumb Code     0  startup_stm32f40_41xxx.o(.text)
    TIM5_IRQHandler                          0x08005a37   Thumb Code     0  startup_stm32f40_41xxx.o(.text)
    TIM6_DAC_IRQHandler                      0x08005a37   Thumb Code     0  startup_stm32f40_41xxx.o(.text)
    TIM7_IRQHandler                          0x08005a37   Thumb Code     0  startup_stm32f40_41xxx.o(.text)
    TIM8_BRK_TIM12_IRQHandler                0x08005a37   Thumb Code     0  startup_stm32f40_41xxx.o(.text)
    TIM8_CC_IRQHandler                       0x08005a37   Thumb Code     0  startup_stm32f40_41xxx.o(.text)
    TIM8_TRG_COM_TIM14_IRQHandler            0x08005a37   Thumb Code     0  startup_stm32f40_41xxx.o(.text)
    TIM8_UP_TIM13_IRQHandler                 0x08005a37   Thumb Code     0  startup_stm32f40_41xxx.o(.text)
    UART4_IRQHandler                         0x08005a37   Thumb Code     0  startup_stm32f40_41xxx.o(.text)
    UART5_IRQHandler                         0x08005a37   Thumb Code     0  startup_stm32f40_41xxx.o(.text)
    USART2_IRQHandler                        0x08005a37   Thumb Code     0  startup_stm32f40_41xxx.o(.text)
    USART3_IRQHandler                        0x08005a37   Thumb Code     0  startup_stm32f40_41xxx.o(.text)
    USART6_IRQHandler                        0x08005a37   Thumb Code     0  startup_stm32f40_41xxx.o(.text)
    WWDG_IRQHandler                          0x08005a37   Thumb Code     0  startup_stm32f40_41xxx.o(.text)
    __user_initial_stackheap                 0x08005a39   Thumb Code     0  startup_stm32f40_41xxx.o(.text)
    NVIC_PriorityGroupConfig                 0x08005a5d   Thumb Code    10  misc.o(.text)
    NVIC_Init                                0x08005a67   Thumb Code   106  misc.o(.text)
    NVIC_SetVectorTable                      0x08005ad1   Thumb Code    14  misc.o(.text)
    NVIC_SystemLPConfig                      0x08005adf   Thumb Code    34  misc.o(.text)
    SysTick_CLKSourceConfig                  0x08005b01   Thumb Code    40  misc.o(.text)
    GPIO_DeInit                              0x08005b3d   Thumb Code   268  stm32f4xx_gpio.o(.text)
    GPIO_Init                                0x08005c49   Thumb Code   144  stm32f4xx_gpio.o(.text)
    GPIO_StructInit                          0x08005cd9   Thumb Code    18  stm32f4xx_gpio.o(.text)
    GPIO_PinLockConfig                       0x08005ceb   Thumb Code    34  stm32f4xx_gpio.o(.text)
    GPIO_ReadInputDataBit                    0x08005d0d   Thumb Code    18  stm32f4xx_gpio.o(.text)
    GPIO_ReadInputData                       0x08005d1f   Thumb Code     8  stm32f4xx_gpio.o(.text)
    GPIO_ReadOutputDataBit                   0x08005d27   Thumb Code    18  stm32f4xx_gpio.o(.text)
    GPIO_ReadOutputData                      0x08005d39   Thumb Code     8  stm32f4xx_gpio.o(.text)
    GPIO_SetBits                             0x08005d41   Thumb Code     4  stm32f4xx_gpio.o(.text)
    GPIO_ResetBits                           0x08005d45   Thumb Code     4  stm32f4xx_gpio.o(.text)
    GPIO_WriteBit                            0x08005d49   Thumb Code    10  stm32f4xx_gpio.o(.text)
    GPIO_Write                               0x08005d53   Thumb Code     4  stm32f4xx_gpio.o(.text)
    GPIO_ToggleBits                          0x08005d57   Thumb Code     8  stm32f4xx_gpio.o(.text)
    GPIO_PinAFConfig                         0x08005d5f   Thumb Code    70  stm32f4xx_gpio.o(.text)
    FSMC_NORSRAMDeInit                       0x08005dd1   Thumb Code    54  stm32f4xx_fsmc.o(.text)
    FSMC_NORSRAMInit                         0x08005e07   Thumb Code   230  stm32f4xx_fsmc.o(.text)
    FSMC_NORSRAMStructInit                   0x08005eed   Thumb Code    48  stm32f4xx_fsmc.o(.text)
    FSMC_NORSRAMCmd                          0x08005f1d   Thumb Code    46  stm32f4xx_fsmc.o(.text)
    FSMC_NANDDeInit                          0x08005f4b   Thumb Code    62  stm32f4xx_fsmc.o(.text)
    FSMC_NANDInit                            0x08005f89   Thumb Code   132  stm32f4xx_fsmc.o(.text)
    FSMC_NANDStructInit                      0x0800600d   Thumb Code    54  stm32f4xx_fsmc.o(.text)
    FSMC_NANDCmd                             0x08006043   Thumb Code    86  stm32f4xx_fsmc.o(.text)
    FSMC_NANDECCCmd                          0x08006099   Thumb Code    86  stm32f4xx_fsmc.o(.text)
    FSMC_GetECC                              0x080060ef   Thumb Code    24  stm32f4xx_fsmc.o(.text)
    FSMC_PCCARDDeInit                        0x08006107   Thumb Code    36  stm32f4xx_fsmc.o(.text)
    FSMC_PCCARDInit                          0x0800612b   Thumb Code   130  stm32f4xx_fsmc.o(.text)
    FSMC_PCCARDStructInit                    0x080061ad   Thumb Code    60  stm32f4xx_fsmc.o(.text)
    FSMC_PCCARDCmd                           0x080061e9   Thumb Code    44  stm32f4xx_fsmc.o(.text)
    FSMC_ITConfig                            0x08006215   Thumb Code   128  stm32f4xx_fsmc.o(.text)
    FSMC_GetFlagStatus                       0x08006295   Thumb Code    54  stm32f4xx_fsmc.o(.text)
    FSMC_ClearFlag                           0x080062cb   Thumb Code    74  stm32f4xx_fsmc.o(.text)
    FSMC_GetITStatus                         0x08006315   Thumb Code    62  stm32f4xx_fsmc.o(.text)
    FSMC_ClearITPendingBit                   0x08006353   Thumb Code    66  stm32f4xx_fsmc.o(.text)
    RCC_DeInit                               0x08006399   Thumb Code    82  stm32f4xx_rcc.o(.text)
    RCC_HSEConfig                            0x080063eb   Thumb Code    14  stm32f4xx_rcc.o(.text)
    RCC_GetFlagStatus                        0x080063f9   Thumb Code    60  stm32f4xx_rcc.o(.text)
    RCC_WaitForHSEStartUp                    0x08006435   Thumb Code    56  stm32f4xx_rcc.o(.text)
    RCC_AdjustHSICalibrationValue            0x0800646d   Thumb Code    20  stm32f4xx_rcc.o(.text)
    RCC_HSICmd                               0x08006481   Thumb Code     6  stm32f4xx_rcc.o(.text)
    RCC_LSEConfig                            0x08006487   Thumb Code    46  stm32f4xx_rcc.o(.text)
    RCC_LSICmd                               0x080064b5   Thumb Code     6  stm32f4xx_rcc.o(.text)
    RCC_PLLConfig                            0x080064bb   Thumb Code    32  stm32f4xx_rcc.o(.text)
    RCC_PLLCmd                               0x080064db   Thumb Code     6  stm32f4xx_rcc.o(.text)
    RCC_PLLI2SConfig                         0x080064e1   Thumb Code    14  stm32f4xx_rcc.o(.text)
    RCC_PLLI2SCmd                            0x080064ef   Thumb Code     6  stm32f4xx_rcc.o(.text)
    RCC_PLLSAIConfig                         0x080064f5   Thumb Code    20  stm32f4xx_rcc.o(.text)
    RCC_PLLSAICmd                            0x08006509   Thumb Code     6  stm32f4xx_rcc.o(.text)
    RCC_ClockSecuritySystemCmd               0x0800650f   Thumb Code     6  stm32f4xx_rcc.o(.text)
    RCC_MCO1Config                           0x08006515   Thumb Code    28  stm32f4xx_rcc.o(.text)
    RCC_MCO2Config                           0x08006531   Thumb Code    28  stm32f4xx_rcc.o(.text)
    RCC_SYSCLKConfig                         0x0800654d   Thumb Code    20  stm32f4xx_rcc.o(.text)
    RCC_GetSYSCLKSource                      0x08006561   Thumb Code    12  stm32f4xx_rcc.o(.text)
    RCC_HCLKConfig                           0x0800656d   Thumb Code    20  stm32f4xx_rcc.o(.text)
    RCC_PCLK1Config                          0x08006581   Thumb Code    20  stm32f4xx_rcc.o(.text)
    RCC_PCLK2Config                          0x08006595   Thumb Code    22  stm32f4xx_rcc.o(.text)
    RCC_GetClocksFreq                        0x080065ab   Thumb Code   222  stm32f4xx_rcc.o(.text)
    RCC_RTCCLKConfig                         0x08006689   Thumb Code    54  stm32f4xx_rcc.o(.text)
    RCC_RTCCLKCmd                            0x080066bf   Thumb Code     8  stm32f4xx_rcc.o(.text)
    RCC_BackupResetCmd                       0x080066c7   Thumb Code     8  stm32f4xx_rcc.o(.text)
    RCC_I2SCLKConfig                         0x080066cf   Thumb Code     6  stm32f4xx_rcc.o(.text)
    RCC_SAIPLLI2SClkDivConfig                0x080066d5   Thumb Code    26  stm32f4xx_rcc.o(.text)
    RCC_SAIPLLSAIClkDivConfig                0x080066ef   Thumb Code    28  stm32f4xx_rcc.o(.text)
    RCC_SAIBlockACLKConfig                   0x0800670b   Thumb Code    20  stm32f4xx_rcc.o(.text)
    RCC_SAIBlockBCLKConfig                   0x0800671f   Thumb Code    20  stm32f4xx_rcc.o(.text)
    RCC_LTDCCLKDivConfig                     0x08006733   Thumb Code    20  stm32f4xx_rcc.o(.text)
    RCC_TIMCLKPresConfig                     0x08006747   Thumb Code     6  stm32f4xx_rcc.o(.text)
    RCC_AHB1PeriphClockCmd                   0x0800674d   Thumb Code    34  stm32f4xx_rcc.o(.text)
    RCC_AHB2PeriphClockCmd                   0x0800676f   Thumb Code    78  stm32f4xx_rcc.o(.text)
    RCC_AHB3PeriphClockCmd                   0x080067bd   Thumb Code    34  stm32f4xx_rcc.o(.text)
    RCC_APB1PeriphClockCmd                   0x080067df   Thumb Code    34  stm32f4xx_rcc.o(.text)
    RCC_APB2PeriphClockCmd                   0x08006801   Thumb Code    34  stm32f4xx_rcc.o(.text)
    RCC_AHB1PeriphResetCmd                   0x08006823   Thumb Code    34  stm32f4xx_rcc.o(.text)
    RCC_AHB2PeriphResetCmd                   0x08006845   Thumb Code    34  stm32f4xx_rcc.o(.text)
    RCC_AHB3PeriphResetCmd                   0x08006867   Thumb Code    34  stm32f4xx_rcc.o(.text)
    RCC_APB1PeriphResetCmd                   0x08006889   Thumb Code    34  stm32f4xx_rcc.o(.text)
    RCC_APB2PeriphResetCmd                   0x080068ab   Thumb Code    34  stm32f4xx_rcc.o(.text)
    RCC_AHB1PeriphClockLPModeCmd             0x080068cd   Thumb Code    34  stm32f4xx_rcc.o(.text)
    RCC_AHB2PeriphClockLPModeCmd             0x080068ef   Thumb Code    34  stm32f4xx_rcc.o(.text)
    RCC_AHB3PeriphClockLPModeCmd             0x08006911   Thumb Code    34  stm32f4xx_rcc.o(.text)
    RCC_APB1PeriphClockLPModeCmd             0x08006933   Thumb Code    34  stm32f4xx_rcc.o(.text)
    RCC_APB2PeriphClockLPModeCmd             0x08006955   Thumb Code    34  stm32f4xx_rcc.o(.text)
    RCC_LSEModeConfig                        0x08006977   Thumb Code    40  stm32f4xx_rcc.o(.text)
    RCC_ITConfig                             0x0800699f   Thumb Code    34  stm32f4xx_rcc.o(.text)
    RCC_ClearFlag                            0x080069c1   Thumb Code    18  stm32f4xx_rcc.o(.text)
    RCC_GetITStatus                          0x080069d3   Thumb Code    22  stm32f4xx_rcc.o(.text)
    RCC_ClearITPendingBit                    0x080069e9   Thumb Code     8  stm32f4xx_rcc.o(.text)
    USART_DeInit                             0x080069f5   Thumb Code   206  stm32f4xx_usart.o(.text)
    USART_Init                               0x08006ac3   Thumb Code   204  stm32f4xx_usart.o(.text)
    USART_StructInit                         0x08006b8f   Thumb Code    24  stm32f4xx_usart.o(.text)
    USART_ClockInit                          0x08006ba7   Thumb Code    32  stm32f4xx_usart.o(.text)
    USART_ClockStructInit                    0x08006bc7   Thumb Code    12  stm32f4xx_usart.o(.text)
    USART_Cmd                                0x08006bd3   Thumb Code    24  stm32f4xx_usart.o(.text)
    USART_SetPrescaler                       0x08006beb   Thumb Code    16  stm32f4xx_usart.o(.text)
    USART_OverSampling8Cmd                   0x08006bfb   Thumb Code    22  stm32f4xx_usart.o(.text)
    USART_OneBitMethodCmd                    0x08006c11   Thumb Code    24  stm32f4xx_usart.o(.text)
    USART_SendData                           0x08006c29   Thumb Code     8  stm32f4xx_usart.o(.text)
    USART_ReceiveData                        0x08006c31   Thumb Code    10  stm32f4xx_usart.o(.text)
    USART_SetAddress                         0x08006c3b   Thumb Code    18  stm32f4xx_usart.o(.text)
    USART_ReceiverWakeUpCmd                  0x08006c4d   Thumb Code    24  stm32f4xx_usart.o(.text)
    USART_WakeUpConfig                       0x08006c65   Thumb Code    18  stm32f4xx_usart.o(.text)
    USART_LINBreakDetectLengthConfig         0x08006c77   Thumb Code    18  stm32f4xx_usart.o(.text)
    USART_LINCmd                             0x08006c89   Thumb Code    24  stm32f4xx_usart.o(.text)
    USART_SendBreak                          0x08006ca1   Thumb Code    10  stm32f4xx_usart.o(.text)
    USART_HalfDuplexCmd                      0x08006cab   Thumb Code    24  stm32f4xx_usart.o(.text)
    USART_SetGuardTime                       0x08006cc3   Thumb Code    16  stm32f4xx_usart.o(.text)
    USART_SmartCardCmd                       0x08006cd3   Thumb Code    24  stm32f4xx_usart.o(.text)
    USART_SmartCardNACKCmd                   0x08006ceb   Thumb Code    24  stm32f4xx_usart.o(.text)
    USART_IrDAConfig                         0x08006d03   Thumb Code    18  stm32f4xx_usart.o(.text)
    USART_IrDACmd                            0x08006d15   Thumb Code    24  stm32f4xx_usart.o(.text)
    USART_DMACmd                             0x08006d2d   Thumb Code    18  stm32f4xx_usart.o(.text)
    USART_ITConfig                           0x08006d3f   Thumb Code    74  stm32f4xx_usart.o(.text)
    USART_GetFlagStatus                      0x08006d89   Thumb Code    26  stm32f4xx_usart.o(.text)
    USART_ClearFlag                          0x08006da3   Thumb Code    18  stm32f4xx_usart.o(.text)
    USART_GetITStatus                        0x08006db5   Thumb Code   118  stm32f4xx_usart.o(.text)
    USART_ClearITPendingBit                  0x08006e2b   Thumb Code    30  stm32f4xx_usart.o(.text)
    ADC_DeInit                               0x08006e49   Thumb Code    22  stm32f4xx_adc.o(.text)
    ADC_Init                                 0x08006e5f   Thumb Code    74  stm32f4xx_adc.o(.text)
    ADC_StructInit                           0x08006ea9   Thumb Code    20  stm32f4xx_adc.o(.text)
    ADC_CommonInit                           0x08006ebd   Thumb Code    34  stm32f4xx_adc.o(.text)
    ADC_CommonStructInit                     0x08006edf   Thumb Code    12  stm32f4xx_adc.o(.text)
    ADC_Cmd                                  0x08006eeb   Thumb Code    22  stm32f4xx_adc.o(.text)
    ADC_AnalogWatchdogCmd                    0x08006f01   Thumb Code    16  stm32f4xx_adc.o(.text)
    ADC_AnalogWatchdogThresholdsConfig       0x08006f11   Thumb Code     6  stm32f4xx_adc.o(.text)
    ADC_AnalogWatchdogSingleChannelConfig    0x08006f17   Thumb Code    16  stm32f4xx_adc.o(.text)
    ADC_TempSensorVrefintCmd                 0x08006f27   Thumb Code    34  stm32f4xx_adc.o(.text)
    ADC_VBATCmd                              0x08006f49   Thumb Code    34  stm32f4xx_adc.o(.text)
    ADC_RegularChannelConfig                 0x08006f6b   Thumb Code   184  stm32f4xx_adc.o(.text)
    ADC_SoftwareStartConv                    0x08007023   Thumb Code    10  stm32f4xx_adc.o(.text)
    ADC_GetSoftwareStartConvStatus           0x0800702d   Thumb Code    20  stm32f4xx_adc.o(.text)
    ADC_EOCOnEachRegularChannelCmd           0x08007041   Thumb Code    22  stm32f4xx_adc.o(.text)
    ADC_ContinuousModeCmd                    0x08007057   Thumb Code    22  stm32f4xx_adc.o(.text)
    ADC_DiscModeChannelCountConfig           0x0800706d   Thumb Code    24  stm32f4xx_adc.o(.text)
    ADC_DiscModeCmd                          0x08007085   Thumb Code    22  stm32f4xx_adc.o(.text)
    ADC_GetConversionValue                   0x0800709b   Thumb Code     8  stm32f4xx_adc.o(.text)
    ADC_GetMultiModeConversionValue          0x080070a3   Thumb Code     8  stm32f4xx_adc.o(.text)
    ADC_DMACmd                               0x080070ab   Thumb Code    22  stm32f4xx_adc.o(.text)
    ADC_DMARequestAfterLastTransferCmd       0x080070c1   Thumb Code    22  stm32f4xx_adc.o(.text)
    ADC_MultiModeDMARequestAfterLastTransferCmd 0x080070d7   Thumb Code    34  stm32f4xx_adc.o(.text)
    ADC_InjectedChannelConfig                0x080070f9   Thumb Code   130  stm32f4xx_adc.o(.text)
    ADC_InjectedSequencerLengthConfig        0x0800717b   Thumb Code    24  stm32f4xx_adc.o(.text)
    ADC_SetInjectedOffset                    0x08007193   Thumb Code    20  stm32f4xx_adc.o(.text)
    ADC_ExternalTrigInjectedConvConfig       0x080071a7   Thumb Code    16  stm32f4xx_adc.o(.text)
    ADC_ExternalTrigInjectedConvEdgeConfig   0x080071b7   Thumb Code    16  stm32f4xx_adc.o(.text)
    ADC_SoftwareStartInjectedConv            0x080071c7   Thumb Code    10  stm32f4xx_adc.o(.text)
    ADC_GetSoftwareStartInjectedConvCmdStatus 0x080071d1   Thumb Code    20  stm32f4xx_adc.o(.text)
    ADC_AutoInjectedConvCmd                  0x080071e5   Thumb Code    22  stm32f4xx_adc.o(.text)
    ADC_InjectedDiscModeCmd                  0x080071fb   Thumb Code    22  stm32f4xx_adc.o(.text)
    ADC_GetInjectedConversionValue           0x08007211   Thumb Code    28  stm32f4xx_adc.o(.text)
    ADC_ITConfig                             0x0800722d   Thumb Code    56  stm32f4xx_adc.o(.text)
    ADC_GetFlagStatus                        0x08007265   Thumb Code    18  stm32f4xx_adc.o(.text)
    ADC_ClearFlag                            0x08007277   Thumb Code     6  stm32f4xx_adc.o(.text)
    ADC_GetITStatus                          0x0800727d   Thumb Code    38  stm32f4xx_adc.o(.text)
    ADC_ClearITPendingBit                    0x080072a3   Thumb Code    10  stm32f4xx_adc.o(.text)
    DMA_DeInit                               0x080072ad   Thumb Code   324  stm32f4xx_dma.o(.text)
    DMA_Init                                 0x080073f1   Thumb Code    82  stm32f4xx_dma.o(.text)
    DMA_StructInit                           0x08007443   Thumb Code    34  stm32f4xx_dma.o(.text)
    DMA_Cmd                                  0x08007465   Thumb Code    22  stm32f4xx_dma.o(.text)
    DMA_PeriphIncOffsetSizeConfig            0x0800747b   Thumb Code    22  stm32f4xx_dma.o(.text)
    DMA_FlowControllerConfig                 0x08007491   Thumb Code    22  stm32f4xx_dma.o(.text)
    DMA_SetCurrDataCounter                   0x080074a7   Thumb Code     4  stm32f4xx_dma.o(.text)
    DMA_GetCurrDataCounter                   0x080074ab   Thumb Code     8  stm32f4xx_dma.o(.text)
    DMA_DoubleBufferModeConfig               0x080074b3   Thumb Code    24  stm32f4xx_dma.o(.text)
    DMA_DoubleBufferModeCmd                  0x080074cb   Thumb Code    22  stm32f4xx_dma.o(.text)
    DMA_MemoryTargetConfig                   0x080074e1   Thumb Code    10  stm32f4xx_dma.o(.text)
    DMA_GetCurrentMemoryTarget               0x080074eb   Thumb Code    20  stm32f4xx_dma.o(.text)
    DMA_GetCmdStatus                         0x080074ff   Thumb Code    20  stm32f4xx_dma.o(.text)
    DMA_GetFIFOStatus                        0x08007513   Thumb Code    12  stm32f4xx_dma.o(.text)
    DMA_GetFlagStatus                        0x0800751f   Thumb Code    56  stm32f4xx_dma.o(.text)
    DMA_ClearFlag                            0x08007557   Thumb Code    40  stm32f4xx_dma.o(.text)
    DMA_ITConfig                             0x0800757f   Thumb Code    58  stm32f4xx_dma.o(.text)
    DMA_GetITStatus                          0x080075b9   Thumb Code    84  stm32f4xx_dma.o(.text)
    DMA_ClearITPendingBit                    0x0800760d   Thumb Code    40  stm32f4xx_dma.o(.text)
    TIM_DeInit                               0x08007655   Thumb Code   346  stm32f4xx_tim.o(.text)
    TIM_TimeBaseInit                         0x080077af   Thumb Code   104  stm32f4xx_tim.o(.text)
    TIM_TimeBaseStructInit                   0x08007817   Thumb Code    18  stm32f4xx_tim.o(.text)
    TIM_PrescalerConfig                      0x08007829   Thumb Code     6  stm32f4xx_tim.o(.text)
    TIM_CounterModeConfig                    0x0800782f   Thumb Code    18  stm32f4xx_tim.o(.text)
    TIM_SetCounter                           0x08007841   Thumb Code     4  stm32f4xx_tim.o(.text)
    TIM_SetAutoreload                        0x08007845   Thumb Code     4  stm32f4xx_tim.o(.text)
    TIM_GetCounter                           0x08007849   Thumb Code     6  stm32f4xx_tim.o(.text)
    TIM_GetPrescaler                         0x0800784f   Thumb Code     6  stm32f4xx_tim.o(.text)
    TIM_UpdateDisableConfig                  0x08007855   Thumb Code    24  stm32f4xx_tim.o(.text)
    TIM_UpdateRequestConfig                  0x0800786d   Thumb Code    24  stm32f4xx_tim.o(.text)
    TIM_ARRPreloadConfig                     0x08007885   Thumb Code    24  stm32f4xx_tim.o(.text)
    TIM_SelectOnePulseMode                   0x0800789d   Thumb Code    18  stm32f4xx_tim.o(.text)
    TIM_SetClockDivision                     0x080078af   Thumb Code    18  stm32f4xx_tim.o(.text)
    TIM_Cmd                                  0x080078c1   Thumb Code    24  stm32f4xx_tim.o(.text)
    TIM_OC1Init                              0x080078d9   Thumb Code   114  stm32f4xx_tim.o(.text)
    TIM_OC2Init                              0x0800794b   Thumb Code   154  stm32f4xx_tim.o(.text)
    TIM_OC3Init                              0x080079e5   Thumb Code   204  stm32f4xx_tim.o(.text)
    TIM_OC4Init                              0x08007ab1   Thumb Code   112  stm32f4xx_tim.o(.text)
    TIM_OCStructInit                         0x08007b21   Thumb Code    20  stm32f4xx_tim.o(.text)
    TIM_SelectOCxM                           0x08007b35   Thumb Code    86  stm32f4xx_tim.o(.text)
    TIM_SetCompare1                          0x08007b8b   Thumb Code     4  stm32f4xx_tim.o(.text)
    TIM_SetCompare2                          0x08007b8f   Thumb Code     4  stm32f4xx_tim.o(.text)
    TIM_SetCompare3                          0x08007b93   Thumb Code     4  stm32f4xx_tim.o(.text)
    TIM_SetCompare4                          0x08007b97   Thumb Code     4  stm32f4xx_tim.o(.text)
    TIM_ForcedOC1Config                      0x08007b9b   Thumb Code    18  stm32f4xx_tim.o(.text)
    TIM_ForcedOC2Config                      0x08007bad   Thumb Code    26  stm32f4xx_tim.o(.text)
    TIM_ForcedOC3Config                      0x08007bc7   Thumb Code    18  stm32f4xx_tim.o(.text)
    TIM_ForcedOC4Config                      0x08007bd9   Thumb Code    26  stm32f4xx_tim.o(.text)
    TIM_OC1PreloadConfig                     0x08007bf3   Thumb Code    18  stm32f4xx_tim.o(.text)
    TIM_OC2PreloadConfig                     0x08007c05   Thumb Code    26  stm32f4xx_tim.o(.text)
    TIM_OC3PreloadConfig                     0x08007c1f   Thumb Code    18  stm32f4xx_tim.o(.text)
    TIM_OC4PreloadConfig                     0x08007c31   Thumb Code    26  stm32f4xx_tim.o(.text)
    TIM_OC1FastConfig                        0x08007c4b   Thumb Code    18  stm32f4xx_tim.o(.text)
    TIM_OC2FastConfig                        0x08007c5d   Thumb Code    26  stm32f4xx_tim.o(.text)
    TIM_OC3FastConfig                        0x08007c77   Thumb Code    18  stm32f4xx_tim.o(.text)
    TIM_OC4FastConfig                        0x08007c89   Thumb Code    26  stm32f4xx_tim.o(.text)
    TIM_ClearOC1Ref                          0x08007ca3   Thumb Code    18  stm32f4xx_tim.o(.text)
    TIM_ClearOC2Ref                          0x08007cb5   Thumb Code    24  stm32f4xx_tim.o(.text)
    TIM_ClearOC3Ref                          0x08007ccd   Thumb Code    18  stm32f4xx_tim.o(.text)
    TIM_ClearOC4Ref                          0x08007cdf   Thumb Code    24  stm32f4xx_tim.o(.text)
    TIM_OC1PolarityConfig                    0x08007cf7   Thumb Code    18  stm32f4xx_tim.o(.text)
    TIM_OC1NPolarityConfig                   0x08007d09   Thumb Code    18  stm32f4xx_tim.o(.text)
    TIM_OC2PolarityConfig                    0x08007d1b   Thumb Code    26  stm32f4xx_tim.o(.text)
    TIM_OC2NPolarityConfig                   0x08007d35   Thumb Code    26  stm32f4xx_tim.o(.text)
    TIM_OC3PolarityConfig                    0x08007d4f   Thumb Code    26  stm32f4xx_tim.o(.text)
    TIM_OC3NPolarityConfig                   0x08007d69   Thumb Code    26  stm32f4xx_tim.o(.text)
    TIM_OC4PolarityConfig                    0x08007d83   Thumb Code    26  stm32f4xx_tim.o(.text)
    TIM_CCxCmd                               0x08007d9d   Thumb Code    30  stm32f4xx_tim.o(.text)
    TIM_CCxNCmd                              0x08007dbb   Thumb Code    30  stm32f4xx_tim.o(.text)
    TIM_SetIC4Prescaler                      0x08007dd9   Thumb Code    26  stm32f4xx_tim.o(.text)
    TIM_SetIC3Prescaler                      0x08007e43   Thumb Code    18  stm32f4xx_tim.o(.text)
    TIM_SetIC2Prescaler                      0x08007e9d   Thumb Code    26  stm32f4xx_tim.o(.text)
    TIM_SetIC1Prescaler                      0x08007f11   Thumb Code    18  stm32f4xx_tim.o(.text)
    TIM_ICInit                               0x08007f5d   Thumb Code   110  stm32f4xx_tim.o(.text)
    TIM_ICStructInit                         0x08007fcb   Thumb Code    18  stm32f4xx_tim.o(.text)
    TIM_PWMIConfig                           0x08007fdd   Thumb Code   124  stm32f4xx_tim.o(.text)
    TIM_GetCapture1                          0x08008059   Thumb Code     6  stm32f4xx_tim.o(.text)
    TIM_GetCapture2                          0x0800805f   Thumb Code     6  stm32f4xx_tim.o(.text)
    TIM_GetCapture3                          0x08008065   Thumb Code     6  stm32f4xx_tim.o(.text)
    TIM_GetCapture4                          0x0800806b   Thumb Code     6  stm32f4xx_tim.o(.text)
    TIM_BDTRConfig                           0x08008071   Thumb Code    32  stm32f4xx_tim.o(.text)
    TIM_BDTRStructInit                       0x08008091   Thumb Code    18  stm32f4xx_tim.o(.text)
    TIM_CtrlPWMOutputs                       0x080080a3   Thumb Code    30  stm32f4xx_tim.o(.text)
    TIM_SelectCOM                            0x080080c1   Thumb Code    24  stm32f4xx_tim.o(.text)
    TIM_CCPreloadControl                     0x080080d9   Thumb Code    24  stm32f4xx_tim.o(.text)
    TIM_ITConfig                             0x080080f1   Thumb Code    18  stm32f4xx_tim.o(.text)
    TIM_GenerateEvent                        0x08008103   Thumb Code     4  stm32f4xx_tim.o(.text)
    TIM_GetFlagStatus                        0x08008107   Thumb Code    18  stm32f4xx_tim.o(.text)
    TIM_ClearFlag                            0x08008119   Thumb Code     6  stm32f4xx_tim.o(.text)
    TIM_GetITStatus                          0x0800811f   Thumb Code    34  stm32f4xx_tim.o(.text)
    TIM_ClearITPendingBit                    0x08008141   Thumb Code     6  stm32f4xx_tim.o(.text)
    TIM_DMAConfig                            0x08008147   Thumb Code    10  stm32f4xx_tim.o(.text)
    TIM_DMACmd                               0x08008151   Thumb Code    18  stm32f4xx_tim.o(.text)
    TIM_SelectCCDMA                          0x08008163   Thumb Code    24  stm32f4xx_tim.o(.text)
    TIM_InternalClockConfig                  0x0800817b   Thumb Code    12  stm32f4xx_tim.o(.text)
    TIM_SelectInputTrigger                   0x08008187   Thumb Code    18  stm32f4xx_tim.o(.text)
    TIM_ITRxExternalClockConfig              0x08008199   Thumb Code    24  stm32f4xx_tim.o(.text)
    TIM_TIxExternalClockConfig               0x080081b1   Thumb Code    62  stm32f4xx_tim.o(.text)
    TIM_ETRConfig                            0x080081ef   Thumb Code    28  stm32f4xx_tim.o(.text)
    TIM_ETRClockMode1Config                  0x0800820b   Thumb Code    54  stm32f4xx_tim.o(.text)
    TIM_ETRClockMode2Config                  0x08008241   Thumb Code    32  stm32f4xx_tim.o(.text)
    TIM_SelectOutputTrigger                  0x08008261   Thumb Code    18  stm32f4xx_tim.o(.text)
    TIM_SelectSlaveMode                      0x08008273   Thumb Code    18  stm32f4xx_tim.o(.text)
    TIM_SelectMasterSlaveMode                0x08008285   Thumb Code    18  stm32f4xx_tim.o(.text)
    TIM_EncoderInterfaceConfig               0x08008297   Thumb Code    66  stm32f4xx_tim.o(.text)
    TIM_SelectHallSensor                     0x080082d9   Thumb Code    24  stm32f4xx_tim.o(.text)
    TIM_RemapConfig                          0x080082f1   Thumb Code     6  stm32f4xx_tim.o(.text)
    arm_cmplx_mag_f32                        0x080082f9   Thumb Code   236  arm_cmplx_mag_f32.o(.text)
    arm_radix4_butterfly_f32                 0x080083e9   Thumb Code   800  arm_cfft_radix4_f32.o(.text)
    arm_radix4_butterfly_inverse_f32         0x08008709   Thumb Code   836  arm_cfft_radix4_f32.o(.text)
    arm_cfft_radix4_f32                      0x08008a4d   Thumb Code    60  arm_cfft_radix4_f32.o(.text)
    arm_cfft_radix4_init_f32                 0x08008a89   Thumb Code   146  arm_cfft_radix4_init_f32.o(.text)
    arm_bitreversal_f32                      0x08008b49   Thumb Code   178  arm_bitreversal.o(.text)
    arm_bitreversal_q31                      0x08008bfb   Thumb Code   180  arm_bitreversal.o(.text)
    arm_bitreversal_q15                      0x08008caf   Thumb Code   128  arm_bitreversal.o(.text)
    __use_no_semihosting                     0x08008d2f   Thumb Code     2  use_no_semi_2.o(.text)
    __2printf                                0x08008d31   Thumb Code    20  noretval__2printf.o(.text)
    __2sprintf                               0x08008d49   Thumb Code    34  noretval__2sprintf.o(.text)
    __printf                                 0x08008d71   Thumb Code   308  __printf_flags_wp.o(.text)
    __use_two_region_memory                  0x08008ea9   Thumb Code     2  heapauxi.o(.text)
    __rt_heap_escrow$2region                 0x08008eab   Thumb Code     2  heapauxi.o(.text)
    __rt_heap_expand$2region                 0x08008ead   Thumb Code     2  heapauxi.o(.text)
    __I$use$semihosting                      0x08008eaf   Thumb Code     0  use_no_semi.o(.text)
    __use_no_semihosting_swi                 0x08008eaf   Thumb Code     2  use_no_semi.o(.text)
    __lib_sel_fp_printf                      0x08008eb1   Thumb Code     2  _printf_fp_dec.o(.text)
    _printf_fp_dec_real                      0x08009063   Thumb Code   620  _printf_fp_dec.o(.text)
    _printf_char_common                      0x080092db   Thumb Code    32  _printf_char_common.o(.text)
    _sputc                                   0x08009301   Thumb Code    10  _sputc.o(.text)
    _printf_char_file                        0x0800930d   Thumb Code    32  _printf_char_file.o(.text)
    __rt_locale                              0x08009331   Thumb Code     8  rt_locale_intlibspace.o(.text)
    _ll_udiv10                               0x08009339   Thumb Code   138  lludiv10.o(.text)
    _printf_fp_infnan                        0x080093c5   Thumb Code   112  _printf_fp_infnan.o(.text)
    _btod_etento                             0x08009445   Thumb Code   224  bigflt0.o(.text)
    ferror                                   0x08009529   Thumb Code     8  ferror.o(.text)
    __user_libspace                          0x08009531   Thumb Code     8  libspace.o(.text)
    __user_perproc_libspace                  0x08009531   Thumb Code     0  libspace.o(.text)
    __user_perthread_libspace                0x08009531   Thumb Code     0  libspace.o(.text)
    __user_setup_stackheap                   0x08009539   Thumb Code    74  sys_stackheap_outer.o(.text)
    exit                                     0x08009583   Thumb Code    18  exit.o(.text)
    strcmp                                   0x08009595   Thumb Code   128  strcmpv7m.o(.text)
    _btod_d2e                                0x08009615   Thumb Code    62  btod.o(CL$$btod_d2e)
    _d2e_denorm_low                          0x08009653   Thumb Code    70  btod.o(CL$$btod_d2e_denorm_low)
    _d2e_norm_op1                            0x08009699   Thumb Code    96  btod.o(CL$$btod_d2e_norm_op1)
    __btod_div_common                        0x080096f9   Thumb Code   696  btod.o(CL$$btod_div_common)
    _e2e                                     0x08009a31   Thumb Code   220  btod.o(CL$$btod_e2e)
    _btod_ediv                               0x08009b0d   Thumb Code    42  btod.o(CL$$btod_ediv)
    _btod_emul                               0x08009b37   Thumb Code    42  btod.o(CL$$btod_emul)
    __btod_mult_common                       0x08009b61   Thumb Code   580  btod.o(CL$$btod_mult_common)
    __ARM_fpclassify                         0x08009da5   Thumb Code    48  fpclassify.o(i.__ARM_fpclassify)
    _is_digit                                0x08009dd5   Thumb Code    14  __printf_wp.o(i._is_digit)
    _get_lc_numeric                          0x08009de5   Thumb Code    44  lc_numeric_c.o(locale$$code)
    __aeabi_d2uiz                            0x08009e11   Thumb Code     0  dfixu.o(x$fpl$dfixu)
    _dfixu                                   0x08009e11   Thumb Code    90  dfixu.o(x$fpl$dfixu)
    __aeabi_ui2d                             0x08009e6b   Thumb Code     0  dflt_clz.o(x$fpl$dfltu)
    _dfltu                                   0x08009e6b   Thumb Code    38  dflt_clz.o(x$fpl$dfltu)
    __aeabi_dmul                             0x08009e91   Thumb Code     0  dmul.o(x$fpl$dmul)
    _dmul                                    0x08009e91   Thumb Code   332  dmul.o(x$fpl$dmul)
    __fpl_dnaninf                            0x08009fe5   Thumb Code   156  dnaninf.o(x$fpl$dnaninf)
    __fpl_dretinf                            0x0800a081   Thumb Code    12  dretinf.o(x$fpl$dretinf)
    __aeabi_f2d                              0x0800a08d   Thumb Code     0  f2d.o(x$fpl$f2d)
    _f2d                                     0x0800a08d   Thumb Code    86  f2d.o(x$fpl$f2d)
    __fpl_fnaninf                            0x0800a0e3   Thumb Code   140  fnaninf.o(x$fpl$fnaninf)
    _fp_init                                 0x0800a16f   Thumb Code    10  fpinit.o(x$fpl$fpinit)
    __fplib_config_fpu_vfp                   0x0800a177   Thumb Code     0  fpinit.o(x$fpl$fpinit)
    __fplib_config_pureend_doubles           0x0800a177   Thumb Code     0  fpinit.o(x$fpl$fpinit)
    _printf_fp_dec                           0x0800a179   Thumb Code     4  printf1.o(x$fpl$printf1)
    __I$use$fp                               0x0800a17c   Number         0  usenofp.o(x$fpl$usenofp)
    asc2_1206                                0x0800a17c   Data        1140  lcd.o(.constdata)
    asc2_1608                                0x0800a5f0   Data        1520  lcd.o(.constdata)
    asc2_2412                                0x0800abe0   Data        3420  lcd.o(.constdata)
    FSMC_DefaultTimingStruct                 0x0800b93c   Data          28  stm32f4xx_fsmc.o(.constdata)
    armBitRevTable                           0x0800b958   Data        2048  arm_common_tables.o(.constdata)
    twiddleCoef_4096                         0x0800c158   Data       32768  arm_common_tables.o(.constdata)
    Region$$Table$$Base                      0x08014200   Number         0  anon$$obj.o(Region$$Table)
    Region$$Table$$Limit                     0x08014220   Number         0  anon$$obj.o(Region$$Table)
    i                                        0x20000000   Data           4  main.o(.data)
    timeout                                  0x20000004   Data           1  main.o(.data)
    a                                        0x20000008   Data           4  main.o(.data)
    usart_rx_cnt                             0x2000000c   Data           1  main.o(.data)
    usart_rx_flag                            0x2000000d   Data           1  main.o(.data)
    pwm_value                                0x20000010   Data           4  main.o(.data)
    python_received_data                     0x20000014   Data           4  main.o(.data)
    SystemCoreClock                          0x20000018   Data           4  system_stm32f4xx.o(.data)
    AHBPrescTable                            0x2000001c   Data          16  system_stm32f4xx.o(.data)
    POINT_COLOR                              0x2000002c   Data           2  lcd.o(.data)
    BACK_COLOR                               0x2000002e   Data           2  lcd.o(.data)
    __stdout                                 0x20000038   Data           4  usart.o(.data)
    USART_RX_STA                             0x2000003c   Data           2  usart.o(.data)
    fft_inputbuf                             0x20000050   Data        8192  main.o(.bss)
    fft_outputbuf                            0x20002050   Data        4096  main.o(.bss)
    usart_rx_buf                             0x20003050   Data          20  main.o(.bss)
    lcddev                                   0x20003064   Data          14  lcd.o(.bss)
    ADC1_ConvertedValue                      0x20003072   Data        2048  adc_dma_timer.o(.bss)
    USART_RX_BUF                             0x20003872   Data         200  usart.o(.bss)
    __libspace_start                         0x2000393c   Data          96  libspace.o(.bss)
    __temporary_stack_top$libspace           0x2000399c   Data           0  libspace.o(.bss)



==============================================================================

Memory Map of the image

  Image Entry point : 0x08000189

  Load Region LR_IROM1 (Base: 0x08000000, Size: 0x0001428c, Max: 0x00100000, ABSOLUTE)

    Execution Region ER_IROM1 (Exec base: 0x08000000, Load base: 0x08000000, Size: 0x0001423c, Max: 0x00100000, ABSOLUTE)

    Exec Addr    Load Addr    Size         Type   Attr      Idx    E Section Name        Object

    0x08000000   0x08000000   0x00000188   Data   RO          557    RESET               startup_stm32f40_41xxx.o
    0x08000188   0x08000188   0x00000008   Code   RO          945  * !!!main             c_w.l(__main.o)
    0x08000190   0x08000190   0x00000034   Code   RO         1181    !!!scatter          c_w.l(__scatter.o)
    0x080001c4   0x080001c4   0x0000001a   Code   RO         1183    !!handler_copy      c_w.l(__scatter_copy.o)
    0x080001de   0x080001de   0x00000002   PAD
    0x080001e0   0x080001e0   0x0000001c   Code   RO         1185    !!handler_zi        c_w.l(__scatter_zi.o)
    0x080001fc   0x080001fc   0x00000000   Code   RO          942    .ARM.Collect$$_printf_percent$$00000000  c_w.l(_printf_percent.o)
    0x080001fc   0x080001fc   0x00000006   Code   RO          941    .ARM.Collect$$_printf_percent$$00000003  c_w.l(_printf_f.o)
    0x08000202   0x08000202   0x00000004   Code   RO          974    .ARM.Collect$$_printf_percent$$00000017  c_w.l(_printf_percent_end.o)
    0x08000206   0x08000206   0x00000002   Code   RO         1058    .ARM.Collect$$libinit$$00000000  c_w.l(libinit.o)
    0x08000208   0x08000208   0x00000004   Code   RO         1059    .ARM.Collect$$libinit$$00000001  c_w.l(libinit2.o)
    0x0800020c   0x0800020c   0x00000000   Code   RO         1062    .ARM.Collect$$libinit$$00000004  c_w.l(libinit2.o)
    0x0800020c   0x0800020c   0x00000000   Code   RO         1065    .ARM.Collect$$libinit$$0000000A  c_w.l(libinit2.o)
    0x0800020c   0x0800020c   0x00000000   Code   RO         1067    .ARM.Collect$$libinit$$0000000C  c_w.l(libinit2.o)
    0x0800020c   0x0800020c   0x00000000   Code   RO         1069    .ARM.Collect$$libinit$$0000000E  c_w.l(libinit2.o)
    0x0800020c   0x0800020c   0x00000006   Code   RO         1070    .ARM.Collect$$libinit$$0000000F  c_w.l(libinit2.o)
    0x08000212   0x08000212   0x00000000   Code   RO         1072    .ARM.Collect$$libinit$$00000011  c_w.l(libinit2.o)
    0x08000212   0x08000212   0x00000000   Code   RO         1074    .ARM.Collect$$libinit$$00000013  c_w.l(libinit2.o)
    0x08000212   0x08000212   0x00000000   Code   RO         1076    .ARM.Collect$$libinit$$00000015  c_w.l(libinit2.o)
    0x08000212   0x08000212   0x0000000a   Code   RO         1077    .ARM.Collect$$libinit$$00000016  c_w.l(libinit2.o)
    0x0800021c   0x0800021c   0x00000000   Code   RO         1078    .ARM.Collect$$libinit$$00000017  c_w.l(libinit2.o)
    0x0800021c   0x0800021c   0x00000000   Code   RO         1080    .ARM.Collect$$libinit$$00000019  c_w.l(libinit2.o)
    0x0800021c   0x0800021c   0x00000000   Code   RO         1082    .ARM.Collect$$libinit$$0000001B  c_w.l(libinit2.o)
    0x0800021c   0x0800021c   0x00000000   Code   RO         1084    .ARM.Collect$$libinit$$0000001D  c_w.l(libinit2.o)
    0x0800021c   0x0800021c   0x00000000   Code   RO         1086    .ARM.Collect$$libinit$$0000001F  c_w.l(libinit2.o)
    0x0800021c   0x0800021c   0x00000000   Code   RO         1088    .ARM.Collect$$libinit$$00000021  c_w.l(libinit2.o)
    0x0800021c   0x0800021c   0x00000000   Code   RO         1090    .ARM.Collect$$libinit$$00000023  c_w.l(libinit2.o)
    0x0800021c   0x0800021c   0x00000000   Code   RO         1092    .ARM.Collect$$libinit$$00000025  c_w.l(libinit2.o)
    0x0800021c   0x0800021c   0x00000000   Code   RO         1096    .ARM.Collect$$libinit$$0000002C  c_w.l(libinit2.o)
    0x0800021c   0x0800021c   0x00000000   Code   RO         1098    .ARM.Collect$$libinit$$0000002E  c_w.l(libinit2.o)
    0x0800021c   0x0800021c   0x00000000   Code   RO         1100    .ARM.Collect$$libinit$$00000030  c_w.l(libinit2.o)
    0x0800021c   0x0800021c   0x00000000   Code   RO         1102    .ARM.Collect$$libinit$$00000032  c_w.l(libinit2.o)
    0x0800021c   0x0800021c   0x00000002   Code   RO         1103    .ARM.Collect$$libinit$$00000033  c_w.l(libinit2.o)
    0x0800021e   0x0800021e   0x00000002   Code   RO         1131    .ARM.Collect$$libshutdown$$00000000  c_w.l(libshutdown.o)
    0x08000220   0x08000220   0x00000000   Code   RO         1140    .ARM.Collect$$libshutdown$$00000002  c_w.l(libshutdown2.o)
    0x08000220   0x08000220   0x00000000   Code   RO         1142    .ARM.Collect$$libshutdown$$00000004  c_w.l(libshutdown2.o)
    0x08000220   0x08000220   0x00000000   Code   RO         1145    .ARM.Collect$$libshutdown$$00000007  c_w.l(libshutdown2.o)
    0x08000220   0x08000220   0x00000000   Code   RO         1148    .ARM.Collect$$libshutdown$$0000000A  c_w.l(libshutdown2.o)
    0x08000220   0x08000220   0x00000000   Code   RO         1150    .ARM.Collect$$libshutdown$$0000000C  c_w.l(libshutdown2.o)
    0x08000220   0x08000220   0x00000000   Code   RO         1153    .ARM.Collect$$libshutdown$$0000000F  c_w.l(libshutdown2.o)
    0x08000220   0x08000220   0x00000002   Code   RO         1154    .ARM.Collect$$libshutdown$$00000010  c_w.l(libshutdown2.o)
    0x08000222   0x08000222   0x00000000   Code   RO          965    .ARM.Collect$$rtentry$$00000000  c_w.l(__rtentry.o)
    0x08000222   0x08000222   0x00000000   Code   RO          983    .ARM.Collect$$rtentry$$00000002  c_w.l(__rtentry2.o)
    0x08000222   0x08000222   0x00000006   Code   RO          995    .ARM.Collect$$rtentry$$00000004  c_w.l(__rtentry4.o)
    0x08000228   0x08000228   0x00000000   Code   RO          985    .ARM.Collect$$rtentry$$00000009  c_w.l(__rtentry2.o)
    0x08000228   0x08000228   0x00000004   Code   RO          986    .ARM.Collect$$rtentry$$0000000A  c_w.l(__rtentry2.o)
    0x0800022c   0x0800022c   0x00000000   Code   RO          988    .ARM.Collect$$rtentry$$0000000C  c_w.l(__rtentry2.o)
    0x0800022c   0x0800022c   0x00000008   Code   RO          989    .ARM.Collect$$rtentry$$0000000D  c_w.l(__rtentry2.o)
    0x08000234   0x08000234   0x00000002   Code   RO         1104    .ARM.Collect$$rtexit$$00000000  c_w.l(rtexit.o)
    0x08000236   0x08000236   0x00000000   Code   RO         1111    .ARM.Collect$$rtexit$$00000002  c_w.l(rtexit2.o)
    0x08000236   0x08000236   0x00000004   Code   RO         1112    .ARM.Collect$$rtexit$$00000003  c_w.l(rtexit2.o)
    0x0800023a   0x0800023a   0x00000006   Code   RO         1113    .ARM.Collect$$rtexit$$00000004  c_w.l(rtexit2.o)
    0x08000240   0x08000240   0x00000228   Code   RO            3    .text               main.o
    0x08000468   0x08000468   0x0000001a   Code   RO          171    .text               stm32f4xx_it.o
    0x08000482   0x08000482   0x00000002   PAD
    0x08000484   0x08000484   0x00000210   Code   RO          295    .text               system_stm32f4xx.o
    0x08000694   0x08000694   0x00000040   Code   RO          321    .text               led.o
    0x080006d4   0x080006d4   0x00004c64   Code   RO          373    .text               lcd.o
    0x08005338   0x08005338   0x00000200   Code   RO          411    .text               adc_dma_timer.o
    0x08005538   0x08005538   0x00000104   Code   RO          437    .text               key.o
    0x0800563c   0x0800563c   0x00000138   Code   RO          464    .text               timer.o
    0x08005774   0x08005774   0x00000104   Code   RO          485    .text               delay.o
    0x08005878   0x08005878   0x000001a4   Code   RO          525    .text               usart.o
    0x08005a1c   0x08005a1c   0x00000040   Code   RO          558    .text               startup_stm32f40_41xxx.o
    0x08005a5c   0x08005a5c   0x000000e0   Code   RO          564    .text               misc.o
    0x08005b3c   0x08005b3c   0x00000294   Code   RO          584    .text               stm32f4xx_gpio.o
    0x08005dd0   0x08005dd0   0x000005c8   Code   RO          604    .text               stm32f4xx_fsmc.o
    0x08006398   0x08006398   0x0000065c   Code   RO          627    .text               stm32f4xx_rcc.o
    0x080069f4   0x080069f4   0x00000454   Code   RO          669    .text               stm32f4xx_usart.o
    0x08006e48   0x08006e48   0x00000464   Code   RO          689    .text               stm32f4xx_adc.o
    0x080072ac   0x080072ac   0x000003a8   Code   RO          709    .text               stm32f4xx_dma.o
    0x08007654   0x08007654   0x00000ca2   Code   RO          729    .text               stm32f4xx_tim.o
    0x080082f6   0x080082f6   0x00000002   PAD
    0x080082f8   0x080082f8   0x000000f0   Code   RO          749    .text               arm_cortexM4lf_math.lib(arm_cmplx_mag_f32.o)
    0x080083e8   0x080083e8   0x000006a0   Code   RO          794    .text               arm_cortexM4lf_math.lib(arm_cfft_radix4_f32.o)
    0x08008a88   0x08008a88   0x000000c0   Code   RO          814    .text               arm_cortexM4lf_math.lib(arm_cfft_radix4_init_f32.o)
    0x08008b48   0x08008b48   0x000001e6   Code   RO          838    .text               arm_cortexM4lf_math.lib(arm_bitreversal.o)
    0x08008d2e   0x08008d2e   0x00000002   Code   RO          909    .text               c_w.l(use_no_semi_2.o)
    0x08008d30   0x08008d30   0x00000018   Code   RO          915    .text               c_w.l(noretval__2printf.o)
    0x08008d48   0x08008d48   0x00000028   Code   RO          917    .text               c_w.l(noretval__2sprintf.o)
    0x08008d70   0x08008d70   0x00000138   Code   RO          933    .text               c_w.l(__printf_flags_wp.o)
    0x08008ea8   0x08008ea8   0x00000006   Code   RO          943    .text               c_w.l(heapauxi.o)
    0x08008eae   0x08008eae   0x00000002   Code   RO          963    .text               c_w.l(use_no_semi.o)
    0x08008eb0   0x08008eb0   0x0000041e   Code   RO          966    .text               c_w.l(_printf_fp_dec.o)
    0x080092ce   0x080092ce   0x00000002   PAD
    0x080092d0   0x080092d0   0x00000030   Code   RO          968    .text               c_w.l(_printf_char_common.o)
    0x08009300   0x08009300   0x0000000a   Code   RO          970    .text               c_w.l(_sputc.o)
    0x0800930a   0x0800930a   0x00000002   PAD
    0x0800930c   0x0800930c   0x00000024   Code   RO          972    .text               c_w.l(_printf_char_file.o)
    0x08009330   0x08009330   0x00000008   Code   RO         1000    .text               c_w.l(rt_locale_intlibspace.o)
    0x08009338   0x08009338   0x0000008a   Code   RO         1002    .text               c_w.l(lludiv10.o)
    0x080093c2   0x080093c2   0x00000002   PAD
    0x080093c4   0x080093c4   0x00000080   Code   RO         1004    .text               c_w.l(_printf_fp_infnan.o)
    0x08009444   0x08009444   0x000000e4   Code   RO         1008    .text               c_w.l(bigflt0.o)
    0x08009528   0x08009528   0x00000008   Code   RO         1033    .text               c_w.l(ferror.o)
    0x08009530   0x08009530   0x00000008   Code   RO         1044    .text               c_w.l(libspace.o)
    0x08009538   0x08009538   0x0000004a   Code   RO         1047    .text               c_w.l(sys_stackheap_outer.o)
    0x08009582   0x08009582   0x00000012   Code   RO         1049    .text               c_w.l(exit.o)
    0x08009594   0x08009594   0x00000080   Code   RO         1051    .text               c_w.l(strcmpv7m.o)
    0x08009614   0x08009614   0x0000003e   Code   RO         1011    CL$$btod_d2e        c_w.l(btod.o)
    0x08009652   0x08009652   0x00000046   Code   RO         1013    CL$$btod_d2e_denorm_low  c_w.l(btod.o)
    0x08009698   0x08009698   0x00000060   Code   RO         1012    CL$$btod_d2e_norm_op1  c_w.l(btod.o)
    0x080096f8   0x080096f8   0x00000338   Code   RO         1021    CL$$btod_div_common  c_w.l(btod.o)
    0x08009a30   0x08009a30   0x000000dc   Code   RO         1018    CL$$btod_e2e        c_w.l(btod.o)
    0x08009b0c   0x08009b0c   0x0000002a   Code   RO         1015    CL$$btod_ediv       c_w.l(btod.o)
    0x08009b36   0x08009b36   0x0000002a   Code   RO         1014    CL$$btod_emul       c_w.l(btod.o)
    0x08009b60   0x08009b60   0x00000244   Code   RO         1020    CL$$btod_mult_common  c_w.l(btod.o)
    0x08009da4   0x08009da4   0x00000030   Code   RO         1042    i.__ARM_fpclassify  m_wm.l(fpclassify.o)
    0x08009dd4   0x08009dd4   0x0000000e   Code   RO          931    i._is_digit         c_w.l(__printf_wp.o)
    0x08009de2   0x08009de2   0x00000002   PAD
    0x08009de4   0x08009de4   0x0000002c   Code   RO         1038    locale$$code        c_w.l(lc_numeric_c.o)
    0x08009e10   0x08009e10   0x0000005a   Code   RO          947    x$fpl$dfixu         fz_wm.l(dfixu.o)
    0x08009e6a   0x08009e6a   0x00000026   Code   RO          951    x$fpl$dfltu         fz_wm.l(dflt_clz.o)
    0x08009e90   0x08009e90   0x00000154   Code   RO          957    x$fpl$dmul          fz_wm.l(dmul.o)
    0x08009fe4   0x08009fe4   0x0000009c   Code   RO          975    x$fpl$dnaninf       fz_wm.l(dnaninf.o)
    0x0800a080   0x0800a080   0x0000000c   Code   RO          977    x$fpl$dretinf       fz_wm.l(dretinf.o)
    0x0800a08c   0x0800a08c   0x00000056   Code   RO          959    x$fpl$f2d           fz_wm.l(f2d.o)
    0x0800a0e2   0x0800a0e2   0x0000008c   Code   RO          979    x$fpl$fnaninf       fz_wm.l(fnaninf.o)
    0x0800a16e   0x0800a16e   0x0000000a   Code   RO         1108    x$fpl$fpinit        fz_wm.l(fpinit.o)
    0x0800a178   0x0800a178   0x00000004   Code   RO          961    x$fpl$printf1       fz_wm.l(printf1.o)
    0x0800a17c   0x0800a17c   0x00000000   Code   RO          981    x$fpl$usenofp       fz_wm.l(usenofp.o)
    0x0800a17c   0x0800a17c   0x000017c0   Data   RO          375    .constdata          lcd.o
    0x0800b93c   0x0800b93c   0x0000001c   Data   RO          605    .constdata          stm32f4xx_fsmc.o
    0x0800b958   0x0800b958   0x00000800   Data   RO          858    .constdata          arm_cortexM4lf_math.lib(arm_common_tables.o)
    0x0800c158   0x0800c158   0x00008000   Data   RO          867    .constdata          arm_cortexM4lf_math.lib(arm_common_tables.o)
    0x08014158   0x08014158   0x00000011   Data   RO          934    .constdata          c_w.l(__printf_flags_wp.o)
    0x08014169   0x08014169   0x00000003   PAD
    0x0801416c   0x0801416c   0x00000094   Data   RO         1009    .constdata          c_w.l(bigflt0.o)
    0x08014200   0x08014200   0x00000020   Data   RO         1179    Region$$Table       anon$$obj.o
    0x08014220   0x08014220   0x0000001c   Data   RO         1037    locale$$data        c_w.l(lc_numeric_c.o)


    Execution Region RW_IRAM2 (Exec base: 0x10000000, Load base: 0x0801428c, Size: 0x00000000, Max: 0x00010000, ABSOLUTE)

    **** No section assigned to this execution region ****


    Execution Region RW_IRAM1 (Exec base: 0x20000000, Load base: 0x0801423c, Size: 0x00003fa0, Max: 0x00020000, ABSOLUTE)

    Exec Addr    Load Addr    Size         Type   Attr      Idx    E Section Name        Object

    0x20000000   0x0801423c   0x00000018   Data   RW            5    .data               main.o
    0x20000018   0x08014254   0x00000014   Data   RW          296    .data               system_stm32f4xx.o
    0x2000002c   0x08014268   0x00000004   Data   RW          376    .data               lcd.o
    0x20000030   0x0801426c   0x00000001   Data   RW          438    .data               key.o
    0x20000031   0x0801426d   0x00000001   PAD
    0x20000032   0x0801426e   0x00000004   Data   RW          486    .data               delay.o
    0x20000036   0x08014272   0x00000002   PAD
    0x20000038   0x08014274   0x00000006   Data   RW          527    .data               usart.o
    0x2000003e   0x0801427a   0x00000010   Data   RW          628    .data               stm32f4xx_rcc.o
    0x2000004e   0x0801428a   0x00000002   PAD
    0x20000050        -       0x00003014   Zero   RW            4    .bss                main.o
    0x20003064        -       0x0000000e   Zero   RW          374    .bss                lcd.o
    0x20003072        -       0x00000800   Zero   RW          412    .bss                adc_dma_timer.o
    0x20003872        -       0x000000c8   Zero   RW          526    .bss                usart.o
    0x2000393a   0x0801428a   0x00000002   PAD
    0x2000393c        -       0x00000060   Zero   RW         1045    .bss                c_w.l(libspace.o)
    0x2000399c   0x0801428a   0x00000004   PAD
    0x200039a0        -       0x00000200   Zero   RW          556    HEAP                startup_stm32f40_41xxx.o
    0x20003ba0        -       0x00000400   Zero   RW          555    STACK               startup_stm32f40_41xxx.o


==============================================================================

Image component sizes


      Code (inc. data)   RO Data    RW Data    ZI Data      Debug   Object Name

       512         34          0          0       2048       2258   adc_dma_timer.o
       260          8          0          4          0       1517   delay.o
       260         12          0          1          0        896   key.o
     19556        156       6080          4         14      23050   lcd.o
        64          4          0          0          0     243571   led.o
       552         76          0         24      12308     289311   main.o
       224         20          0          0          0       1857   misc.o
        64         26        392          0       1536        856   startup_stm32f40_41xxx.o
      1124         24          0          0          0      10726   stm32f4xx_adc.o
       936         32          0          0          0       6429   stm32f4xx_dma.o
      1480         18         28          0          0       5706   stm32f4xx_fsmc.o
       660         44          0          0          0       4197   stm32f4xx_gpio.o
        26          0          0          0          0      69654   stm32f4xx_it.o
      1628         52          0         16          0      13092   stm32f4xx_rcc.o
      3234         60          0          0          0      23052   stm32f4xx_tim.o
      1108         34          0          0          0       7920   stm32f4xx_usart.o
       528         46          0         20          0       1835   system_stm32f4xx.o
       312         14          0          0          0       1508   timer.o
       420         28          0          6        200       3795   usart.o

    ----------------------------------------------------------------------
     32952        688       6532         80      16108     711230   Object Totals
         0          0         32          0          0          0   (incl. Generated)
         4          0          0          5          2          0   (incl. Padding)

    ----------------------------------------------------------------------

      Code (inc. data)   RO Data    RW Data    ZI Data      Debug   Library Member Name

       486          0          0          0          0       2210   arm_bitreversal.o
      1696          0          0          0          0       4744   arm_cfft_radix4_f32.o
       192         46          0          0          0        767   arm_cfft_radix4_init_f32.o
       240          4          0          0          0      16312   arm_cmplx_mag_f32.o
         0          0      34816          0          0       2517   arm_common_tables.o
         8          0          0          0          0         68   __main.o
       312          4         17          0          0         92   __printf_flags_wp.o
        14          0          0          0          0         68   __printf_wp.o
         0          0          0          0          0          0   __rtentry.o
        12          0          0          0          0          0   __rtentry2.o
         6          0          0          0          0          0   __rtentry4.o
        52          8          0          0          0          0   __scatter.o
        26          0          0          0          0          0   __scatter_copy.o
        28          0          0          0          0          0   __scatter_zi.o
        48          6          0          0          0         96   _printf_char_common.o
        36          4          0          0          0         80   _printf_char_file.o
         6          0          0          0          0          0   _printf_f.o
      1054          0          0          0          0        216   _printf_fp_dec.o
       128         16          0          0          0         84   _printf_fp_infnan.o
         0          0          0          0          0          0   _printf_percent.o
         4          0          0          0          0          0   _printf_percent_end.o
        10          0          0          0          0         68   _sputc.o
       228          4        148          0          0         96   bigflt0.o
      1936        128          0          0          0        672   btod.o
        18          0          0          0          0         80   exit.o
         8          0          0          0          0         68   ferror.o
         6          0          0          0          0        152   heapauxi.o
        44         10         28          0          0         76   lc_numeric_c.o
         2          0          0          0          0          0   libinit.o
        22          0          0          0          0          0   libinit2.o
         2          0          0          0          0          0   libshutdown.o
         2          0          0          0          0          0   libshutdown2.o
         8          4          0          0         96         68   libspace.o
       138          0          0          0          0         80   lludiv10.o
        24          4          0          0          0         84   noretval__2printf.o
        40          6          0          0          0         84   noretval__2sprintf.o
         8          4          0          0          0         68   rt_locale_intlibspace.o
         2          0          0          0          0          0   rtexit.o
        10          0          0          0          0          0   rtexit2.o
       128          0          0          0          0         68   strcmpv7m.o
        74          0          0          0          0         80   sys_stackheap_outer.o
         2          0          0          0          0         68   use_no_semi.o
         2          0          0          0          0         68   use_no_semi_2.o
        90          4          0          0          0        140   dfixu.o
        38          0          0          0          0        116   dflt_clz.o
       340         12          0          0          0        152   dmul.o
       156          4          0          0          0        140   dnaninf.o
        12          0          0          0          0        116   dretinf.o
        86          4          0          0          0        132   f2d.o
       140          4          0          0          0        132   fnaninf.o
        10          0          0          0          0        116   fpinit.o
         4          0          0          0          0        116   printf1.o
         0          0          0          0          0          0   usenofp.o
        48          0          0          0          0        124   fpclassify.o

    ----------------------------------------------------------------------
      7996        276      35012          0        100      30418   Library Totals
        10          0          3          0          4          0   (incl. Padding)

    ----------------------------------------------------------------------

      Code (inc. data)   RO Data    RW Data    ZI Data      Debug   Library Name

      2614         50      34816          0          0      26550   arm_cortexM4lf_math.lib
      4448        198        193          0         96       2584   c_w.l
       876         28          0          0          0       1160   fz_wm.l
        48          0          0          0          0        124   m_wm.l

    ----------------------------------------------------------------------
      7996        276      35012          0        100      30418   Library Totals

    ----------------------------------------------------------------------

==============================================================================


      Code (inc. data)   RO Data    RW Data    ZI Data      Debug   

     40948        964      41544         80      16208     734944   Grand Totals
     40948        964      41544         80      16208     734944   ELF Image Totals
     40948        964      41544         80          0          0   ROM Totals

==============================================================================

    Total RO  Size (Code + RO Data)                82492 (  80.56kB)
    Total RW  Size (RW Data + ZI Data)             16288 (  15.91kB)
    Total ROM Size (Code + RO Data + RW Data)      82572 (  80.64kB)

==============================================================================

